ARM Linker, 5.03 [Build 24] [MDK-ARM Professional]

==============================================================================

Section Cross References

    main.o(.text) refers to delay.o(.text) for delay_init
    main.o(.text) refers to sys.o(.text) for NVIC_Configuration
    main.o(.text) refers to usart.o(.text) for uart_init
    main.o(.text) refers to audiosel.o(.text) for Audiosel_Init
    main.o(.text) refers to malloc.o(.text) for mem_init
    main.o(.text) refers to vs10xx.o(.text) for VS_Init
    main.o(.text) refers to exfuns.o(.text) for exfuns_init
    main.o(.text) refers to ff.o(.text) for f_mount
    main.o(.text) refers to noretval__2printf.o(.text) for __2printf
    main.o(.text) refers to mp3player.o(.text) for Mp3Play
    main.o(.text) refers to recorder.o(.text) for RecoderPlay
    main.o(.text) refers to exfuns.o(.data) for fs
    main.o(.text) refers to lcd.o(.data) for POINT_COLOR
    main.o(.text) refers to usart.o(.data) for USART_RX_STA
    main.o(.text) refers to usart.o(.bss) for USART_RX_BUF
    system_stm32f10x.o(.text) refers to system_stm32f10x.o(.data) for SystemCoreClock
    led.o(.text) refers to stm32f10x_rcc.o(.text) for RCC_APB2PeriphClockCmd
    led.o(.text) refers to stm32f10x_gpio.o(.text) for GPIO_Init
    key.o(.text) refers to stm32f10x_rcc.o(.text) for RCC_APB2PeriphClockCmd
    key.o(.text) refers to stm32f10x_gpio.o(.text) for GPIO_Init
    key.o(.text) refers to delay.o(.text) for delay_ms
    key.o(.text) refers to key.o(.data) for key_up
    tpad.o(.text) refers to _printf_percent.o(.ARM.Collect$$_printf_percent$$00000000) for _printf_percent
    tpad.o(.text) refers to _printf_d.o(.ARM.Collect$$_printf_percent$$00000009) for _printf_d
    tpad.o(.text) refers to _printf_dec.o(.text) for _printf_int_dec
    tpad.o(.text) refers to stm32f10x_rcc.o(.text) for RCC_APB2PeriphClockCmd
    tpad.o(.text) refers to stm32f10x_gpio.o(.text) for GPIO_Init
    tpad.o(.text) refers to delay.o(.text) for delay_ms
    tpad.o(.text) refers to stm32f10x_tim.o(.text) for TIM_SetCounter
    tpad.o(.text) refers to noretval__2printf.o(.text) for __2printf
    tpad.o(.text) refers to system_stm32f10x.o(.data) for SystemCoreClock
    tpad.o(.text) refers to tpad.o(.data) for tpad_default_val
    lcd.o(.text) refers to _printf_percent.o(.ARM.Collect$$_printf_percent$$00000000) for _printf_percent
    lcd.o(.text) refers to _printf_x.o(.ARM.Collect$$_printf_percent$$0000000C) for _printf_x
    lcd.o(.text) refers to _printf_hex_int.o(.text) for _printf_longlong_hex
    lcd.o(.text) refers to delay.o(.text) for delay_us
    lcd.o(.text) refers to lcd.o(.bss) for lcddev
    lcd.o(.text) refers to lcd.o(.data) for POINT_COLOR
    lcd.o(.text) refers to stm32f10x_rcc.o(.text) for RCC_AHBPeriphClockCmd
    lcd.o(.text) refers to stm32f10x_gpio.o(.text) for GPIO_Init
    lcd.o(.text) refers to stm32f10x_fsmc.o(.text) for FSMC_NORSRAMInit
    lcd.o(.text) refers to noretval__2printf.o(.text) for __2printf
    lcd.o(.text) refers to lcd.o(.constdata) for asc2_1206
    spi.o(.text) refers to stm32f10x_spi.o(.text) for SPI_I2S_GetFlagStatus
    spi.o(.text) refers to stm32f10x_rcc.o(.text) for RCC_APB2PeriphClockCmd
    spi.o(.text) refers to stm32f10x_gpio.o(.text) for GPIO_Init
    flash.o(.text) refers to spi.o(.text) for SPI2_ReadWriteByte
    flash.o(.text) refers to stm32f10x_rcc.o(.text) for RCC_APB2PeriphClockCmd
    flash.o(.text) refers to stm32f10x_gpio.o(.text) for GPIO_Init
    flash.o(.text) refers to delay.o(.text) for delay_us
    flash.o(.text) refers to flash.o(.data) for SPI_FLASH_TYPE
    flash.o(.text) refers to flash.o(.bss) for SPI_FLASH_BUF
    sram.o(.text) refers to stm32f10x_rcc.o(.text) for RCC_APB2PeriphClockCmd
    sram.o(.text) refers to stm32f10x_gpio.o(.text) for GPIO_Init
    sram.o(.text) refers to stm32f10x_fsmc.o(.text) for FSMC_NORSRAMInit
    mmc_sd.o(.text) refers to spi.o(.text) for SPI2_ReadWriteByte
    mmc_sd.o(.text) refers to stm32f10x_rcc.o(.text) for RCC_APB2PeriphClockCmd
    mmc_sd.o(.text) refers to stm32f10x_gpio.o(.text) for GPIO_Init
    mmc_sd.o(.text) refers to mmc_sd.o(.data) for SD_Type
    vs10xx.o(.text) refers to spi.o(.text) for SPI1_ReadWriteByte
    vs10xx.o(.text) refers to stm32f10x_rcc.o(.text) for RCC_APB2PeriphClockCmd
    vs10xx.o(.text) refers to stm32f10x_gpio.o(.text) for GPIO_Init
    vs10xx.o(.text) refers to delay.o(.text) for delay_ms
    vs10xx.o(.text) refers to vs10xx.o(.constdata) for bitrate
    vs10xx.o(.text) refers to vs10xx.o(.data) for vsset
    audiosel.o(.text) refers to stm32f10x_rcc.o(.text) for RCC_APB2PeriphClockCmd
    audiosel.o(.text) refers to stm32f10x_gpio.o(.text) for GPIO_Init
    delay.o(.text) refers to misc.o(.text) for SysTick_CLKSourceConfig
    delay.o(.text) refers to system_stm32f10x.o(.data) for SystemCoreClock
    delay.o(.text) refers to delay.o(.data) for fac_us
    sys.o(.text) refers to misc.o(.text) for NVIC_PriorityGroupConfig
[...]
    __rt_lib_init_exceptions_1               0x08000209   Thumb Code     0  libinit2.o(.ARM.Collect$$libinit$$0000002E)
    __rt_lib_init_fp_1                       0x08000209   Thumb Code     0  libinit2.o(.ARM.Collect$$libinit$$00000002)
    __rt_lib_init_fp_trap_1                  0x08000209   Thumb Code     0  libinit2.o(.ARM.Collect$$libinit$$0000001D)
    __rt_lib_init_getenv_1                   0x08000209   Thumb Code     0  libinit2.o(.ARM.Collect$$libinit$$00000021)
    __rt_lib_init_heap_1                     0x08000209   Thumb Code     0  libinit2.o(.ARM.Collect$$libinit$$00000008)
    __rt_lib_init_lc_collate_1               0x08000209   Thumb Code     0  libinit2.o(.ARM.Collect$$libinit$$0000000F)
    __rt_lib_init_lc_ctype_1                 0x08000209   Thumb Code     0  libinit2.o(.ARM.Collect$$libinit$$00000011)
    __rt_lib_init_lc_monetary_1              0x08000209   Thumb Code     0  libinit2.o(.ARM.Collect$$libinit$$00000013)
    __rt_lib_init_lc_numeric_1               0x08000209   Thumb Code     0  libinit2.o(.ARM.Collect$$libinit$$00000015)
    __rt_lib_init_lc_time_1                  0x08000209   Thumb Code     0  libinit2.o(.ARM.Collect$$libinit$$00000017)
    __rt_lib_init_rand_1                     0x08000209   Thumb Code     0  libinit2.o(.ARM.Collect$$libinit$$0000000C)
    __rt_lib_init_return                     0x08000209   Thumb Code     0  libinit2.o(.ARM.Collect$$libinit$$00000031)
    __rt_lib_init_signal_1                   0x08000209   Thumb Code     0  libinit2.o(.ARM.Collect$$libinit$$0000001B)
    __rt_lib_init_stdio_1                    0x08000209   Thumb Code     0  libinit2.o(.ARM.Collect$$libinit$$00000023)
    __rt_lib_init_user_alloc_1               0x08000209   Thumb Code     0  libinit2.o(.ARM.Collect$$libinit$$0000000A)
    __rt_lib_shutdown                        0x0800020b   Thumb Code     0  libshutdown.o(.ARM.Collect$$libshutdown$$00000000)
    __rt_lib_shutdown_fp_trap_1              0x0800020d   Thumb Code     0  libshutdown2.o(.ARM.Collect$$libshutdown$$00000006)
    __rt_lib_shutdown_heap_1                 0x0800020d   Thumb Code     0  libshutdown2.o(.ARM.Collect$$libshutdown$$0000000E)
    __rt_lib_shutdown_return                 0x0800020d   Thumb Code     0  libshutdown2.o(.ARM.Collect$$libshutdown$$0000000F)
    __rt_lib_shutdown_signal_1               0x0800020d   Thumb Code     0  libshutdown2.o(.ARM.Collect$$libshutdown$$00000009)
    __rt_lib_shutdown_stdio_1                0x0800020d   Thumb Code     0  libshutdown2.o(.ARM.Collect$$libshutdown$$00000003)
    __rt_lib_shutdown_user_alloc_1           0x0800020d   Thumb Code     0  libshutdown2.o(.ARM.Collect$$libshutdown$$0000000B)
    __rt_entry                               0x0800020f   Thumb Code     0  rtentry.o(.ARM.Collect$$rtentry$$00000000)
    __rt_entry_presh_1                       0x0800020f   Thumb Code     0  rtentry2.o(.ARM.Collect$$rtentry$$00000002)
    __rt_entry_sh                            0x0800020f   Thumb Code     0  rtentry4.o(.ARM.Collect$$rtentry$$00000004)
    __rt_entry_li                            0x08000215   Thumb Code     0  rtentry2.o(.ARM.Collect$$rtentry$$0000000A)
    __rt_entry_postsh_1                      0x08000215   Thumb Code     0  rtentry2.o(.ARM.Collect$$rtentry$$00000009)
    __rt_entry_main                          0x08000219   Thumb Code     0  rtentry2.o(.ARM.Collect$$rtentry$$0000000D)
    __rt_entry_postli_1                      0x08000219   Thumb Code     0  rtentry2.o(.ARM.Collect$$rtentry$$0000000C)
    __rt_exit                                0x08000221   Thumb Code     0  rtexit.o(.ARM.Collect$$rtexit$$00000000)
    __rt_exit_ls                             0x08000223   Thumb Code     0  rtexit2.o(.ARM.Collect$$rtexit$$00000003)
    __rt_exit_prels_1                        0x08000223   Thumb Code     0  rtexit2.o(.ARM.Collect$$rtexit$$00000002)
    __rt_exit_exit                           0x08000227   Thumb Code     0  rtexit2.o(.ARM.Collect$$rtexit$$00000004)
    main                                     0x0800022d   Thumb Code   192  main.o(.text)
    NMI_Handler                              0x0800036d   Thumb Code     2  stm32f10x_it.o(.text)
    HardFault_Handler                        0x0800036f   Thumb Code     4  stm32f10x_it.o(.text)
    MemManage_Handler                        0x08000373   Thumb Code     4  stm32f10x_it.o(.text)
    BusFault_Handler                         0x08000377   Thumb Code     4  stm32f10x_it.o(.text)
    UsageFault_Handler                       0x0800037b   Thumb Code     4  stm32f10x_it.o(.text)
    SVC_Handler                              0x0800037f   Thumb Code     2  stm32f10x_it.o(.text)
    DebugMon_Handler                         0x08000381   Thumb Code     2  stm32f10x_it.o(.text)
    PendSV_Handler                           0x08000383   Thumb Code     2  stm32f10x_it.o(.text)
    SysTick_Handler                          0x08000385   Thumb Code     2  stm32f10x_it.o(.text)
    SystemInit                               0x08000465   Thumb Code    78  system_stm32f10x.o(.text)
    SystemCoreClockUpdate                    0x080004b3   Thumb Code   142  system_stm32f10x.o(.text)
    KEY_Init                                 0x08000565   Thumb Code    52  key.o(.text)
    KEY_Scan                                 0x08000599   Thumb Code   188  key.o(.text)
    TPAD_Reset                               0x08000661   Thumb Code    82  tpad.o(.text)
    TPAD_Get_Val                             0x080006b3   Thumb Code    50  tpad.o(.text)
    TIM5_CH2_Cap_Init                        0x080006e5   Thumb Code   126  tpad.o(.text)
    TPAD_Init                                0x08000763   Thumb Code   170  tpad.o(.text)
    TPAD_Get_MaxVal                          0x0800080d   Thumb Code    36  tpad.o(.text)
    TPAD_Scan                                0x08000831   Thumb Code   108  tpad.o(.text)
    LCD_WR_REG                               0x080008cd   Thumb Code     6  lcd.o(.text)
    LCD_WR_DATA                              0x080008d3   Thumb Code     8  lcd.o(.text)
    LCD_RD_DATA                              0x080008db   Thumb Code     8  lcd.o(.text)
    LCD_WriteReg                             0x080008e3   Thumb Code    10  lcd.o(.text)
    LCD_ReadReg                              0x080008ed   Thumb Code    22  lcd.o(.text)
    LCD_WriteRAM_Prepare                     0x08000903   Thumb Code    10  lcd.o(.text)
    LCD_WriteRAM                             0x0800090d   Thumb Code     8  lcd.o(.text)
    LCD_BGR2RGB                              0x08000915   Thumb Code    26  lcd.o(.text)
    opt_delay                                0x0800092f   Thumb Code    14  lcd.o(.text)
    LCD_SetCursor                            0x0800093d   Thumb Code   262  lcd.o(.text)
    LCD_ReadPoint                            0x08000a43   Thumb Code   360  lcd.o(.text)
    LCD_DisplayOn                            0x08000bab   Thumb Code    80  lcd.o(.text)
    LCD_DisplayOff                           0x08000bfb   Thumb Code    78  lcd.o(.text)
    LCD_Scan_Dir                             0x08000c49   Thumb Code   718  lcd.o(.text)
    LCD_DrawPoint                            0x08000f17   Thumb Code    28  lcd.o(.text)
    LCD_Fast_DrawPoint                       0x08000f33   Thumb Code   278  lcd.o(.text)
    LCD_Display_Dir                          0x08001049   Thumb Code   434  lcd.o(.text)
    LCD_Set_Window                           0x080011fb   Thumb Code   420  lcd.o(.text)
    LCD_Clear                                0x0800139f   Thumb Code   100  lcd.o(.text)
    LCD_Init                                 0x08001403   Thumb Code 14090  lcd.o(.text)
    LCD_Fill                                 0x08004b0d   Thumb Code   178  lcd.o(.text)
    LCD_Color_Fill                           0x08004bbf   Thumb Code   102  lcd.o(.text)
    LCD_DrawLine                             0x08004c25   Thumb Code   176  lcd.o(.text)
    LCD_DrawRectangle                        0x08004cd5   Thumb Code    60  lcd.o(.text)
    Draw_Circle                              0x08004d11   Thumb Code   152  lcd.o(.text)
    LCD_ShowChar                             0x08004da9   Thumb Code   340  lcd.o(.text)
    LCD_Pow                                  0x08004efd   Thumb Code    22  lcd.o(.text)
    LCD_ShowNum                              0x08004f13   Thumb Code   148  lcd.o(.text)
    LCD_ShowxNum                             0x08004fa7   Thumb Code   218  lcd.o(.text)
    LCD_ShowString                           0x08005081   Thumb Code   102  lcd.o(.text)
    SPI2_ReadWriteByte                       0x080050e9   Thumb Code    78  spi.o(.text)
    SPI1_Init                                0x08005137   Thumb Code   130  spi.o(.text)
    SPI2_Init                                0x080051b9   Thumb Code   140  spi.o(.text)
    SPI2_SetSpeed                            0x08005245   Thumb Code    36  spi.o(.text)
    SPI1_SetSpeed                            0x08005269   Thumb Code    36  spi.o(.text)
    SPI1_ReadWriteByte                       0x0800528d   Thumb Code    78  spi.o(.text)
    SPI_Flash_ReadID                         0x080052ed   Thumb Code    66  flash.o(.text)
    SPI_Flash_Init                           0x0800532f   Thumb Code   114  flash.o(.text)
    SPI_Flash_ReadSR                         0x080053a1   Thumb Code    38  flash.o(.text)
    SPI_FLASH_Write_SR                       0x080053c7   Thumb Code    34  flash.o(.text)
    SPI_FLASH_Write_Enable                   0x080053e9   Thumb Code    26  flash.o(.text)
    SPI_FLASH_Write_Disable                  0x08005403   Thumb Code    26  flash.o(.text)
    SPI_Flash_Read                           0x0800541d   Thumb Code    76  flash.o(.text)
    SPI_Flash_Wait_Busy                      0x08005469   Thumb Code    16  flash.o(.text)
    SPI_Flash_Write_Page                     0x08005479   Thumb Code    82  flash.o(.text)
    SPI_Flash_Write_NoCheck                  0x080054cb   Thumb Code    70  flash.o(.text)
    SPI_Flash_Erase_Sector                   0x08005511   Thumb Code    64  flash.o(.text)
    SPI_Flash_Write                          0x08005551   Thumb Code   176  flash.o(.text)
    SPI_Flash_Erase_Chip                     0x08005601   Thumb Code    38  flash.o(.text)
    SPI_Flash_PowerDown                      0x08005627   Thumb Code    32  flash.o(.text)
    SPI_Flash_WAKEUP                         0x08005647   Thumb Code    32  flash.o(.text)
    SD_SPI_ReadWriteByte                     0x08005685   Thumb Code    12  mmc_sd.o(.text)
    SD_SPI_SpeedLow                          0x08005691   Thumb Code    10  mmc_sd.o(.text)
    SD_SPI_SpeedHigh                         0x0800569b   Thumb Code    10  mmc_sd.o(.text)
    SD_SPI_Init                              0x080056a5   Thumb Code   106  mmc_sd.o(.text)
    SD_DisSelect                             0x0800570f   Thumb Code    18  mmc_sd.o(.text)
    SD_WaitReady                             0x08005721   Thumb Code    34  mmc_sd.o(.text)
    SD_Select                                0x08005743   Thumb Code    26  mmc_sd.o(.text)
    SD_GetResponse                           0x0800575d   Thumb Code    38  mmc_sd.o(.text)
    SD_RecvData                              0x08005783   Thumb Code    56  mmc_sd.o(.text)
    SD_SendBlock                             0x080057bb   Thumb Code    82  mmc_sd.o(.text)
    SD_SendCmd                               0x0800580d   Thumb Code   120  mmc_sd.o(.text)
    SD_GetCID                                0x08005885   Thumb Code    42  mmc_sd.o(.text)
    SD_GetCSD                                0x080058af   Thumb Code    42  mmc_sd.o(.text)
    SD_GetSectorCount                        0x080058d9   Thumb Code   118  mmc_sd.o(.text)
    SD_Initialize                            0x0800594f   Thumb Code   408  mmc_sd.o(.text)
    SD_ReadDisk                              0x08005ae7   Thumb Code   112  mmc_sd.o(.text)
    SD_WriteDisk                             0x08005b57   Thumb Code   140  mmc_sd.o(.text)
    VS_SPI_ReadWriteByte                     0x08005be9   Thumb Code    12  vs10xx.o(.text)
    VS_SPI_SpeedLow                          0x08005bf5   Thumb Code    10  vs10xx.o(.text)
    VS_SPI_SpeedHigh                         0x08005bff   Thumb Code    10  vs10xx.o(.text)
    VS_Init                                  0x08005c09   Thumb Code    84  vs10xx.o(.text)
    VS_WR_Cmd                                0x08005c5d   Thumb Code    74  vs10xx.o(.text)
    VS_RD_Reg                                0x08005ca7   Thumb Code    90  vs10xx.o(.text)
    VS_Soft_Reset                            0x08005d01   Thumb Code   128  vs10xx.o(.text)
    VS_HD_Reset                              0x08005d81   Thumb Code    76  vs10xx.o(.text)
    VS_Sine_Test                             0x08005dcd   Thumb Code   318  vs10xx.o(.text)
    VS_Ram_Test                              0x08005f0b   Thumb Code   108  vs10xx.o(.text)
    VS_WR_Data                               0x08005f77   Thumb Code    30  vs10xx.o(.text)
    VS_WRAM_Read                             0x08005f95   Thumb Code    24  vs10xx.o(.text)
    VS_Set_Speed                             0x08005fad   Thumb Code    36  vs10xx.o(.text)
    VS_Get_HeadInfo                          0x08005fd1   Thumb Code   204  vs10xx.o(.text)
    VS_Get_ByteRate                          0x0800609d   Thumb Code    12  vs10xx.o(.text)
    VS_Get_EndFillByte                       0x080060a9   Thumb Code    12  vs10xx.o(.text)
    VS_Send_MusicData                        0x080060b5   Thumb Code    50  vs10xx.o(.text)
    VS_Restart_Play                          0x080060e7   Thumb Code   180  vs10xx.o(.text)
    VS_Reset_DecodeTime                      0x0800619b   Thumb Code    20  vs10xx.o(.text)
    VS_Get_DecodeTime                        0x080061af   Thumb Code    16  vs10xx.o(.text)
    VS_Load_Patch                            0x080061bf   Thumb Code   112  vs10xx.o(.text)
    VS_Set_Vol                               0x0800622f   Thumb Code    38  vs10xx.o(.text)
    VS_Set_Bass                              0x08006255   Thumb Code   102  vs10xx.o(.text)
    VS_Set_Effect                            0x080062bb   Thumb Code    54  vs10xx.o(.text)
    VS_Set_All                               0x080062f1   Thumb Code    34  vs10xx.o(.text)
    VS_Get_Spec                              0x08006313   Thumb Code    58  vs10xx.o(.text)
    Audiosel_Init                            0x0800635d   Thumb Code    52  audiosel.o(.text)
    Audiosel_Set                             0x08006391   Thumb Code    20  audiosel.o(.text)
    delay_init                               0x080063b5   Thumb Code    50  delay.o(.text)
    delay_us                                 0x080063e7   Thumb Code    70  delay.o(.text)
    delay_ms                                 0x0800642d   Thumb Code    70  delay.o(.text)
    NVIC_Configuration                       0x08006485   Thumb Code    12  sys.o(.text)
    _sys_exit                                0x08006491   Thumb Code     6  usart.o(.text)
    fputc                                    0x08006497   Thumb Code    22  usart.o(.text)
    uart_init                                0x080064ad   Thumb Code   152  usart.o(.text)
    USART1_IRQHandler                        0x08006545   Thumb Code    58  usart.o(.text)
    Reset_Handler                            0x08006591   Thumb Code     8  startup_stm32f10x_hd.o(.text)
    ADC1_2_IRQHandler                        0x080065ab   Thumb Code     0  startup_stm32f10x_hd.o(.text)
    ADC3_IRQHandler                          0x080065ab   Thumb Code     0  startup_stm32f10x_hd.o(.text)
    CAN1_RX1_IRQHandler                      0x080065ab   Thumb Code     0  startup_stm32f10x_hd.o(.text)
    CAN1_SCE_IRQHandler                      0x080065ab   Thumb Code     0  startup_stm32f10x_hd.o(.text)
    DMA1_Channel1_IRQHandler                 0x080065ab   Thumb Code     0  startup_stm32f10x_hd.o(.text)
    DMA1_Channel2_IRQHandler                 0x080065ab   Thumb Code     0  startup_stm32f10x_hd.o(.text)
    DMA1_Channel3_IRQHandler                 0x080065ab   Thumb Code     0  startup_stm32f10x_hd.o(.text)
    DMA1_Channel4_IRQHandler                 0x080065ab   Thumb Code     0  startup_stm32f10x_hd.o(.text)
    DMA1_Channel5_IRQHandler                 0x080065ab   Thumb Code     0  startup_stm32f10x_hd.o(.text)
    DMA1_Channel6_IRQHandler                 0x080065ab   Thumb Code     0  startup_stm32f10x_hd.o(.text)
    DMA1_Channel7_IRQHandler                 0x080065ab   Thumb Code     0  startup_stm32f10x_hd.o(.text)
    DMA2_Channel1_IRQHandler                 0x080065ab   Thumb Code     0  startup_stm32f10x_hd.o(.text)
    DMA2_Channel2_IRQHandler                 0x080065ab   Thumb Code     0  startup_stm32f10x_hd.o(.text)
    DMA2_Channel3_IRQHandler                 0x080065ab   Thumb Code     0  startup_stm32f10x_hd.o(.text)
    DMA2_Channel4_5_IRQHandler               0x080065ab   Thumb Code     0  startup_stm32f10x_hd.o(.text)
    EXTI0_IRQHandler                         0x080065ab   Thumb Code     0  startup_stm32f10x_hd.o(.text)
    EXTI15_10_IRQHandler                     0x080065ab   Thumb Code     0  startup_stm32f10x_hd.o(.text)
    EXTI1_IRQHandler                         0x080065ab   Thumb Code     0  startup_stm32f10x_hd.o(.text)
    EXTI2_IRQHandler                         0x080065ab   Thumb Code     0  startup_stm32f10x_hd.o(.text)
    EXTI3_IRQHandler                         0x080065ab   Thumb Code     0  startup_stm32f10x_hd.o(.text)
    EXTI4_IRQHandler                         0x080065ab   Thumb Code     0  startup_stm32f10x_hd.o(.text)
    EXTI9_5_IRQHandler                       0x080065ab   Thumb Code     0  startup_stm32f10x_hd.o(.text)
    FLASH_IRQHandler                         0x080065ab   Thumb Code     0  startup_stm32f10x_hd.o(.text)
    FSMC_IRQHandler                          0x080065ab   Thumb Code     0  startup_stm32f10x_hd.o(.text)
    I2C1_ER_IRQHandler                       0x080065ab   Thumb Code     0  startup_stm32f10x_hd.o(.text)
    I2C1_EV_IRQHandler                       0x080065ab   Thumb Code     0  startup_stm32f10x_hd.o(.text)
    I2C2_ER_IRQHandler                       0x080065ab   Thumb Code     0  startup_stm32f10x_hd.o(.text)
    I2C2_EV_IRQHandler                       0x080065ab   Thumb Code     0  startup_stm32f10x_hd.o(.text)
    PVD_IRQHandler                           0x080065ab   Thumb Code     0  startup_stm32f10x_hd.o(.text)
    RCC_IRQHandler                           0x080065ab   Thumb Code     0  startup_stm32f10x_hd.o(.text)
    RTCAlarm_IRQHandler                      0x080065ab   Thumb Code     0  startup_stm32f10x_hd.o(.text)
    RTC_IRQHandler                           0x080065ab   Thumb Code     0  startup_stm32f10x_hd.o(.text)
    SDIO_IRQHandler                          0x080065ab   Thumb Code     0  startup_stm32f10x_hd.o(.text)
    SPI1_IRQHandler                          0x080065ab   Thumb Code     0  startup_stm32f10x_hd.o(.text)
    SPI2_IRQHandler                          0x080065ab   Thumb Code     0  startup_stm32f10x_hd.o(.text)
    SPI3_IRQHandler                          0x080065ab   Thumb Code     0  startup_stm32f10x_hd.o(.text)
    TAMPER_IRQHandler                        0x080065ab   Thumb Code     0  startup_stm32f10x_hd.o(.text)
    TIM1_BRK_IRQHandler                      0x080065ab   Thumb Code     0  startup_stm32f10x_hd.o(.text)
    TIM1_CC_IRQHandler                       0x080065ab   Thumb Code     0  startup_stm32f10x_hd.o(.text)
    TIM1_TRG_COM_IRQHandler                  0x080065ab   Thumb Code     0  startup_stm32f10x_hd.o(.text)
    TIM1_UP_IRQHandler                       0x080065ab   Thumb Code     0  startup_stm32f10x_hd.o(.text)
    TIM3_IRQHandler                          0x080065ab   Thumb Code     0  startup_stm32f10x_hd.o(.text)
    TIM4_IRQHandler                          0x080065ab   Thumb Code     0  startup_stm32f10x_hd.o(.text)
    TIM5_IRQHandler                          0x080065ab   Thumb Code     0  startup_stm32f10x_hd.o(.text)
    TIM6_IRQHandler                          0x080065ab   Thumb Code     0  startup_stm32f10x_hd.o(.text)
    TIM7_IRQHandler                          0x080065ab   Thumb Code     0  startup_stm32f10x_hd.o(.text)
    TIM8_BRK_IRQHandler                      0x080065ab   Thumb Code     0  startup_stm32f10x_hd.o(.text)
    TIM8_CC_IRQHandler                       0x080065ab   Thumb Code     0  startup_stm32f10x_hd.o(.text)
    TIM8_TRG_COM_IRQHandler                  0x080065ab   Thumb Code     0  startup_stm32f10x_hd.o(.text)
    TIM8_UP_IRQHandler                       0x080065ab   Thumb Code     0  startup_stm32f10x_hd.o(.text)
    UART4_IRQHandler                         0x080065ab   Thumb Code     0  startup_stm32f10x_hd.o(.text)
    UART5_IRQHandler                         0x080065ab   Thumb Code     0  startup_stm32f10x_hd.o(.text)
    USART2_IRQHandler                        0x080065ab   Thumb Code     0  startup_stm32f10x_hd.o(.text)
    USART3_IRQHandler                        0x080065ab   Thumb Code     0  startup_stm32f10x_hd.o(.text)
    USBWakeUp_IRQHandler                     0x080065ab   Thumb Code     0  startup_stm32f10x_hd.o(.text)
    USB_HP_CAN1_TX_IRQHandler                0x080065ab   Thumb Code     0  startup_stm32f10x_hd.o(.text)
    USB_LP_CAN1_RX0_IRQHandler               0x080065ab   Thumb Code     0  startup_stm32f10x_hd.o(.text)
    WWDG_IRQHandler                          0x080065ab   Thumb Code     0  startup_stm32f10x_hd.o(.text)
    __user_initial_stackheap                 0x080065ad   Thumb Code     0  startup_stm32f10x_hd.o(.text)
    NVIC_PriorityGroupConfig                 0x080065d1   Thumb Code    10  misc.o(.text)
    NVIC_Init                                0x080065db   Thumb Code   102  misc.o(.text)
    NVIC_SetVectorTable                      0x08006641   Thumb Code    14  misc.o(.text)
    NVIC_SystemLPConfig                      0x0800664f   Thumb Code    34  misc.o(.text)
    SysTick_CLKSourceConfig                  0x08006671   Thumb Code    40  misc.o(.text)
    FSMC_NORSRAMDeInit                       0x080066ad   Thumb Code    56  stm32f10x_fsmc.o(.text)
    FSMC_NANDDeInit                          0x080066e5   Thumb Code    62  stm32f10x_fsmc.o(.text)
    FSMC_PCCARDDeInit                        0x08006723   Thumb Code    40  stm32f10x_fsmc.o(.text)
    FSMC_NORSRAMInit                         0x0800674b   Thumb Code   224  stm32f10x_fsmc.o(.text)
    FSMC_NANDInit                            0x0800682b   Thumb Code   130  stm32f10x_fsmc.o(.text)
    FSMC_PCCARDInit                          0x080068ad   Thumb Code   124  stm32f10x_fsmc.o(.text)
    FSMC_NORSRAMStructInit                   0x08006929   Thumb Code   114  stm32f10x_fsmc.o(.text)
    FSMC_NANDStructInit                      0x0800699b   Thumb Code    54  stm32f10x_fsmc.o(.text)
    FSMC_PCCARDStructInit                    0x080069d1   Thumb Code    60  stm32f10x_fsmc.o(.text)
    FSMC_NORSRAMCmd                          0x08006a0d   Thumb Code    46  stm32f10x_fsmc.o(.text)
    FSMC_NANDCmd                             0x08006a3b   Thumb Code    86  stm32f10x_fsmc.o(.text)
    FSMC_PCCARDCmd                           0x08006a91   Thumb Code    40  stm32f10x_fsmc.o(.text)
    FSMC_NANDECCCmd                          0x08006ab9   Thumb Code   118  stm32f10x_fsmc.o(.text)
    FSMC_GetECC                              0x08006b2f   Thumb Code    22  stm32f10x_fsmc.o(.text)
    FSMC_ITConfig                            0x08006b45   Thumb Code   128  stm32f10x_fsmc.o(.text)
    FSMC_GetFlagStatus                       0x08006bc5   Thumb Code    48  stm32f10x_fsmc.o(.text)
    FSMC_ClearFlag                           0x08006bf5   Thumb Code    62  stm32f10x_fsmc.o(.text)
    FSMC_GetITStatus                         0x08006c33   Thumb Code    60  stm32f10x_fsmc.o(.text)
    FSMC_ClearITPendingBit                   0x08006c6f   Thumb Code    64  stm32f10x_fsmc.o(.text)
    GPIO_DeInit                              0x08006cc5   Thumb Code   172  stm32f10x_gpio.o(.text)
    GPIO_AFIODeInit                          0x08006d71   Thumb Code    20  stm32f10x_gpio.o(.text)
    GPIO_Init                                0x08006d85   Thumb Code   274  stm32f10x_gpio.o(.text)
    GPIO_StructInit                          0x08006e97   Thumb Code    16  stm32f10x_gpio.o(.text)
    GPIO_ReadInputDataBit                    0x08006ea7   Thumb Code    18  stm32f10x_gpio.o(.text)
    GPIO_ReadInputData                       0x08006eb9   Thumb Code     8  stm32f10x_gpio.o(.text)
    GPIO_ReadOutputDataBit                   0x08006ec1   Thumb Code    18  stm32f10x_gpio.o(.text)
    GPIO_ReadOutputData                      0x08006ed3   Thumb Code     8  stm32f10x_gpio.o(.text)
    GPIO_SetBits                             0x08006edb   Thumb Code     4  stm32f10x_gpio.o(.text)
    GPIO_ResetBits                           0x08006edf   Thumb Code     4  stm32f10x_gpio.o(.text)
    GPIO_WriteBit                            0x08006ee3   Thumb Code    10  stm32f10x_gpio.o(.text)
    GPIO_Write                               0x08006eed   Thumb Code     4  stm32f10x_gpio.o(.text)
    GPIO_PinLockConfig                       0x08006ef1   Thumb Code    18  stm32f10x_gpio.o(.text)
    GPIO_EventOutputConfig                   0x08006f03   Thumb Code    26  stm32f10x_gpio.o(.text)
    GPIO_EventOutputCmd                      0x08006f1d   Thumb Code     6  stm32f10x_gpio.o(.text)
    GPIO_PinRemapConfig                      0x08006f23   Thumb Code   138  stm32f10x_gpio.o(.text)
    GPIO_EXTILineConfig                      0x08006fad   Thumb Code    66  stm32f10x_gpio.o(.text)
    GPIO_ETH_MediaInterfaceConfig            0x08006fef   Thumb Code     6  stm32f10x_gpio.o(.text)
    RCC_DeInit                               0x0800701d   Thumb Code    64  stm32f10x_rcc.o(.text)
    RCC_HSEConfig                            0x0800705d   Thumb Code    70  stm32f10x_rcc.o(.text)
    RCC_GetFlagStatus                        0x080070a3   Thumb Code    56  stm32f10x_rcc.o(.text)
    RCC_WaitForHSEStartUp                    0x080070db   Thumb Code    56  stm32f10x_rcc.o(.text)
    RCC_AdjustHSICalibrationValue            0x08007113   Thumb Code    20  stm32f10x_rcc.o(.text)
    RCC_HSICmd                               0x08007127   Thumb Code     6  stm32f10x_rcc.o(.text)
    RCC_PLLConfig                            0x0800712d   Thumb Code    24  stm32f10x_rcc.o(.text)
    RCC_PLLCmd                               0x08007145   Thumb Code     6  stm32f10x_rcc.o(.text)
    RCC_SYSCLKConfig                         0x0800714b   Thumb Code    18  stm32f10x_rcc.o(.text)
    RCC_GetSYSCLKSource                      0x0800715d   Thumb Code    10  stm32f10x_rcc.o(.text)
    RCC_HCLKConfig                           0x08007167   Thumb Code    18  stm32f10x_rcc.o(.text)
    RCC_PCLK1Config                          0x08007179   Thumb Code    18  stm32f10x_rcc.o(.text)
    RCC_PCLK2Config                          0x0800718b   Thumb Code    20  stm32f10x_rcc.o(.text)
    RCC_ITConfig                             0x0800719f   Thumb Code    26  stm32f10x_rcc.o(.text)
    RCC_USBCLKConfig                         0x080071b9   Thumb Code     6  stm32f10x_rcc.o(.text)
    RCC_ADCCLKConfig                         0x080071bf   Thumb Code    18  stm32f10x_rcc.o(.text)
    RCC_LSEConfig                            0x080071d1   Thumb Code    44  stm32f10x_rcc.o(.text)
    RCC_LSICmd                               0x080071fd   Thumb Code     6  stm32f10x_rcc.o(.text)
    RCC_RTCCLKConfig                         0x08007203   Thumb Code    12  stm32f10x_rcc.o(.text)
    RCC_RTCCLKCmd                            0x0800720f   Thumb Code     8  stm32f10x_rcc.o(.text)
    RCC_GetClocksFreq                        0x08007217   Thumb Code   192  stm32f10x_rcc.o(.text)
    RCC_AHBPeriphClockCmd                    0x080072d7   Thumb Code    26  stm32f10x_rcc.o(.text)
    RCC_APB2PeriphClockCmd                   0x080072f1   Thumb Code    26  stm32f10x_rcc.o(.text)
    RCC_APB1PeriphClockCmd                   0x0800730b   Thumb Code    26  stm32f10x_rcc.o(.text)
    RCC_APB2PeriphResetCmd                   0x08007325   Thumb Code    26  stm32f10x_rcc.o(.text)
    RCC_APB1PeriphResetCmd                   0x0800733f   Thumb Code    26  stm32f10x_rcc.o(.text)
    RCC_BackupResetCmd                       0x08007359   Thumb Code     8  stm32f10x_rcc.o(.text)
    RCC_ClockSecuritySystemCmd               0x08007361   Thumb Code     6  stm32f10x_rcc.o(.text)
    RCC_MCOConfig                            0x08007367   Thumb Code     6  stm32f10x_rcc.o(.text)
    RCC_ClearFlag                            0x0800736d   Thumb Code    14  stm32f10x_rcc.o(.text)
    RCC_GetITStatus                          0x0800737b   Thumb Code    20  stm32f10x_rcc.o(.text)
    RCC_ClearITPendingBit                    0x0800738f   Thumb Code     6  stm32f10x_rcc.o(.text)
    SPI_I2S_DeInit                           0x080073c1   Thumb Code    76  stm32f10x_spi.o(.text)
    SPI_Init                                 0x0800740d   Thumb Code    60  stm32f10x_spi.o(.text)
    I2S_Init                                 0x08007449   Thumb Code   226  stm32f10x_spi.o(.text)
    SPI_StructInit                           0x0800752b   Thumb Code    24  stm32f10x_spi.o(.text)
    I2S_StructInit                           0x08007543   Thumb Code    20  stm32f10x_spi.o(.text)
    SPI_Cmd                                  0x08007557   Thumb Code    24  stm32f10x_spi.o(.text)
    I2S_Cmd                                  0x0800756f   Thumb Code    24  stm32f10x_spi.o(.text)
    SPI_I2S_ITConfig                         0x08007587   Thumb Code    32  stm32f10x_spi.o(.text)
    SPI_I2S_DMACmd                           0x080075a7   Thumb Code    18  stm32f10x_spi.o(.text)
    SPI_I2S_SendData                         0x080075b9   Thumb Code     4  stm32f10x_spi.o(.text)
    SPI_I2S_ReceiveData                      0x080075bd   Thumb Code     6  stm32f10x_spi.o(.text)
    SPI_NSSInternalSoftwareConfig            0x080075c3   Thumb Code    30  stm32f10x_spi.o(.text)
    SPI_SSOutputCmd                          0x080075e1   Thumb Code    24  stm32f10x_spi.o(.text)
    SPI_DataSizeConfig                       0x080075f9   Thumb Code    18  stm32f10x_spi.o(.text)
    SPI_TransmitCRC                          0x0800760b   Thumb Code    10  stm32f10x_spi.o(.text)
    SPI_CalculateCRC                         0x08007615   Thumb Code    24  stm32f10x_spi.o(.text)
    SPI_GetCRC                               0x0800762d   Thumb Code    16  stm32f10x_spi.o(.text)
    SPI_GetCRCPolynomial                     0x0800763d   Thumb Code     6  stm32f10x_spi.o(.text)
    SPI_BiDirectionalLineConfig              0x08007643   Thumb Code    28  stm32f10x_spi.o(.text)
    SPI_I2S_GetFlagStatus                    0x0800765f   Thumb Code    18  stm32f10x_spi.o(.text)
    SPI_I2S_ClearFlag                        0x08007671   Thumb Code     6  stm32f10x_spi.o(.text)
    SPI_I2S_GetITStatus                      0x08007677   Thumb Code    52  stm32f10x_spi.o(.text)
    SPI_I2S_ClearITPendingBit                0x080076ab   Thumb Code    20  stm32f10x_spi.o(.text)
    TIM_DeInit                               0x080076cd   Thumb Code   424  stm32f10x_tim.o(.text)
    TIM_TimeBaseInit                         0x08007875   Thumb Code   122  stm32f10x_tim.o(.text)
    TIM_OC1Init                              0x080078ef   Thumb Code   132  stm32f10x_tim.o(.text)
    TIM_OC2Init                              0x08007973   Thumb Code   154  stm32f10x_tim.o(.text)
    TIM_OC3Init                              0x08007a0d   Thumb Code   150  stm32f10x_tim.o(.text)
    TIM_OC4Init                              0x08007aa3   Thumb Code   182  stm32f10x_tim.o(.text)
    TIM_SetIC4Prescaler                      0x08007b59   Thumb Code    26  stm32f10x_tim.o(.text)
    TIM_SetIC3Prescaler                      0x08007bf5   Thumb Code    18  stm32f10x_tim.o(.text)
    TIM_SetIC2Prescaler                      0x08007c81   Thumb Code    26  stm32f10x_tim.o(.text)
    TIM_SetIC1Prescaler                      0x08007d1d   Thumb Code    18  stm32f10x_tim.o(.text)
    TIM_ICInit                               0x08007d9b   Thumb Code   150  stm32f10x_tim.o(.text)
    TIM_PWMIConfig                           0x08007e31   Thumb Code   124  stm32f10x_tim.o(.text)
    TIM_BDTRConfig                           0x08007ead   Thumb Code    32  stm32f10x_tim.o(.text)
    TIM_TimeBaseStructInit                   0x08007ecd   Thumb Code    18  stm32f10x_tim.o(.text)
    TIM_OCStructInit                         0x08007edf   Thumb Code    20  stm32f10x_tim.o(.text)
    TIM_ICStructInit                         0x08007ef3   Thumb Code    18  stm32f10x_tim.o(.text)
    TIM_BDTRStructInit                       0x08007f05   Thumb Code    40  stm32f10x_tim.o(.text)
    TIM_Cmd                                  0x08007f2d   Thumb Code    24  stm32f10x_tim.o(.text)
    TIM_CtrlPWMOutputs                       0x08007f45   Thumb Code    30  stm32f10x_tim.o(.text)
    TIM_ITConfig                             0x08007f63   Thumb Code    18  stm32f10x_tim.o(.text)
    TIM_GenerateEvent                        0x08007f75   Thumb Code     4  stm32f10x_tim.o(.text)
    TIM_DMAConfig                            0x08007f79   Thumb Code    10  stm32f10x_tim.o(.text)
    TIM_DMACmd                               0x08007f83   Thumb Code    18  stm32f10x_tim.o(.text)
    TIM_InternalClockConfig                  0x08007f95   Thumb Code    12  stm32f10x_tim.o(.text)
    TIM_SelectInputTrigger                   0x08007fa1   Thumb Code    18  stm32f10x_tim.o(.text)
    TIM_ITRxExternalClockConfig              0x08007fb3   Thumb Code    24  stm32f10x_tim.o(.text)
    TIM_TIxExternalClockConfig               0x08007fcb   Thumb Code    62  stm32f10x_tim.o(.text)
    TIM_ETRConfig                            0x08008009   Thumb Code    28  stm32f10x_tim.o(.text)
    TIM_ETRClockMode1Config                  0x08008025   Thumb Code    54  stm32f10x_tim.o(.text)
    TIM_ETRClockMode2Config                  0x0800805b   Thumb Code    32  stm32f10x_tim.o(.text)
    TIM_PrescalerConfig                      0x0800807b   Thumb Code     6  stm32f10x_tim.o(.text)
    TIM_CounterModeConfig                    0x08008081   Thumb Code    18  stm32f10x_tim.o(.text)
    TIM_EncoderInterfaceConfig               0x08008093   Thumb Code    66  stm32f10x_tim.o(.text)
    TIM_ForcedOC1Config                      0x080080d5   Thumb Code    18  stm32f10x_tim.o(.text)
    TIM_ForcedOC2Config                      0x080080e7   Thumb Code    26  stm32f10x_tim.o(.text)
    TIM_ForcedOC3Config                      0x08008101   Thumb Code    18  stm32f10x_tim.o(.text)
    TIM_ForcedOC4Config                      0x08008113   Thumb Code    26  stm32f10x_tim.o(.text)
    TIM_ARRPreloadConfig                     0x0800812d   Thumb Code    24  stm32f10x_tim.o(.text)
    TIM_SelectCOM                            0x08008145   Thumb Code    24  stm32f10x_tim.o(.text)
    TIM_SelectCCDMA                          0x0800815d   Thumb Code    24  stm32f10x_tim.o(.text)
    TIM_CCPreloadControl                     0x08008175   Thumb Code    24  stm32f10x_tim.o(.text)
    TIM_OC1PreloadConfig                     0x0800818d   Thumb Code    18  stm32f10x_tim.o(.text)
    TIM_OC2PreloadConfig                     0x0800819f   Thumb Code    26  stm32f10x_tim.o(.text)
    TIM_OC3PreloadConfig                     0x080081b9   Thumb Code    18  stm32f10x_tim.o(.text)
    TIM_OC4PreloadConfig                     0x080081cb   Thumb Code    26  stm32f10x_tim.o(.text)
    TIM_OC1FastConfig                        0x080081e5   Thumb Code    18  stm32f10x_tim.o(.text)
    TIM_OC2FastConfig                        0x080081f7   Thumb Code    26  stm32f10x_tim.o(.text)
    TIM_OC3FastConfig                        0x08008211   Thumb Code    18  stm32f10x_tim.o(.text)
    TIM_OC4FastConfig                        0x08008223   Thumb Code    26  stm32f10x_tim.o(.text)
    TIM_ClearOC1Ref                          0x0800823d   Thumb Code    18  stm32f10x_tim.o(.text)
    TIM_ClearOC2Ref                          0x0800824f   Thumb Code    24  stm32f10x_tim.o(.text)
    TIM_ClearOC3Ref                          0x08008267   Thumb Code    18  stm32f10x_tim.o(.text)
    TIM_ClearOC4Ref                          0x08008279   Thumb Code    24  stm32f10x_tim.o(.text)
    TIM_OC1PolarityConfig                    0x08008291   Thumb Code    18  stm32f10x_tim.o(.text)
    TIM_OC1NPolarityConfig                   0x080082a3   Thumb Code    18  stm32f10x_tim.o(.text)
    TIM_OC2PolarityConfig                    0x080082b5   Thumb Code    26  stm32f10x_tim.o(.text)
    TIM_OC2NPolarityConfig                   0x080082cf   Thumb Code    26  stm32f10x_tim.o(.text)
    TIM_OC3PolarityConfig                    0x080082e9   Thumb Code    26  stm32f10x_tim.o(.text)
    TIM_OC3NPolarityConfig                   0x08008303   Thumb Code    26  stm32f10x_tim.o(.text)
    TIM_OC4PolarityConfig                    0x0800831d   Thumb Code    26  stm32f10x_tim.o(.text)
    TIM_CCxCmd                               0x08008337   Thumb Code    30  stm32f10x_tim.o(.text)
    TIM_CCxNCmd                              0x08008355   Thumb Code    30  stm32f10x_tim.o(.text)
    TIM_SelectOCxM                           0x08008373   Thumb Code    82  stm32f10x_tim.o(.text)
    TIM_UpdateDisableConfig                  0x080083c5   Thumb Code    24  stm32f10x_tim.o(.text)
    TIM_UpdateRequestConfig                  0x080083dd   Thumb Code    24  stm32f10x_tim.o(.text)
    TIM_SelectHallSensor                     0x080083f5   Thumb Code    24  stm32f10x_tim.o(.text)
    TIM_SelectOnePulseMode                   0x0800840d   Thumb Code    18  stm32f10x_tim.o(.text)
    TIM_SelectOutputTrigger                  0x0800841f   Thumb Code    18  stm32f10x_tim.o(.text)
    TIM_SelectSlaveMode                      0x08008431   Thumb Code    18  stm32f10x_tim.o(.text)
    TIM_SelectMasterSlaveMode                0x08008443   Thumb Code    18  stm32f10x_tim.o(.text)
    TIM_SetCounter                           0x08008455   Thumb Code     4  stm32f10x_tim.o(.text)
    TIM_SetAutoreload                        0x08008459   Thumb Code     4  stm32f10x_tim.o(.text)
    TIM_SetCompare1                          0x0800845d   Thumb Code     4  stm32f10x_tim.o(.text)
    TIM_SetCompare2                          0x08008461   Thumb Code     4  stm32f10x_tim.o(.text)
    TIM_SetCompare3                          0x08008465   Thumb Code     4  stm32f10x_tim.o(.text)
    TIM_SetCompare4                          0x08008469   Thumb Code     6  stm32f10x_tim.o(.text)
    TIM_SetClockDivision                     0x0800846f   Thumb Code    18  stm32f10x_tim.o(.text)
    TIM_GetCapture1                          0x08008481   Thumb Code     6  stm32f10x_tim.o(.text)
    TIM_GetCapture2                          0x08008487   Thumb Code     6  stm32f10x_tim.o(.text)
    TIM_GetCapture3                          0x0800848d   Thumb Code     6  stm32f10x_tim.o(.text)
    TIM_GetCapture4                          0x08008493   Thumb Code     8  stm32f10x_tim.o(.text)
    TIM_GetCounter                           0x0800849b   Thumb Code     6  stm32f10x_tim.o(.text)
    TIM_GetPrescaler                         0x080084a1   Thumb Code     6  stm32f10x_tim.o(.text)
    TIM_GetFlagStatus                        0x080084a7   Thumb Code    18  stm32f10x_tim.o(.text)
    TIM_ClearFlag                            0x080084b9   Thumb Code     6  stm32f10x_tim.o(.text)
    TIM_GetITStatus                          0x080084bf   Thumb Code    34  stm32f10x_tim.o(.text)
    TIM_ClearITPendingBit                    0x080084e1   Thumb Code     6  stm32f10x_tim.o(.text)
    USART_DeInit                             0x080084e9   Thumb Code   134  stm32f10x_usart.o(.text)
    USART_Init                               0x0800856f   Thumb Code   210  stm32f10x_usart.o(.text)
    USART_StructInit                         0x08008641   Thumb Code    24  stm32f10x_usart.o(.text)
    USART_ClockInit                          0x08008659   Thumb Code    34  stm32f10x_usart.o(.text)
    USART_ClockStructInit                    0x0800867b   Thumb Code    12  stm32f10x_usart.o(.text)
    USART_Cmd                                0x08008687   Thumb Code    24  stm32f10x_usart.o(.text)
    USART_ITConfig                           0x0800869f   Thumb Code    74  stm32f10x_usart.o(.text)
    USART_DMACmd                             0x080086e9   Thumb Code    18  stm32f10x_usart.o(.text)
    USART_SetAddress                         0x080086fb   Thumb Code    18  stm32f10x_usart.o(.text)
    USART_WakeUpConfig                       0x0800870d   Thumb Code    18  stm32f10x_usart.o(.text)
    USART_ReceiverWakeUpCmd                  0x0800871f   Thumb Code    24  stm32f10x_usart.o(.text)
    USART_LINBreakDetectLengthConfig         0x08008737   Thumb Code    18  stm32f10x_usart.o(.text)
    USART_LINCmd                             0x08008749   Thumb Code    24  stm32f10x_usart.o(.text)
    USART_SendData                           0x08008761   Thumb Code     8  stm32f10x_usart.o(.text)
    USART_ReceiveData                        0x08008769   Thumb Code    10  stm32f10x_usart.o(.text)
    USART_SendBreak                          0x08008773   Thumb Code    10  stm32f10x_usart.o(.text)
    USART_SetGuardTime                       0x0800877d   Thumb Code    16  stm32f10x_usart.o(.text)
    USART_SetPrescaler                       0x0800878d   Thumb Code    16  stm32f10x_usart.o(.text)
    USART_SmartCardCmd                       0x0800879d   Thumb Code    24  stm32f10x_usart.o(.text)
    USART_SmartCardNACKCmd                   0x080087b5   Thumb Code    24  stm32f10x_usart.o(.text)
    USART_HalfDuplexCmd                      0x080087cd   Thumb Code    24  stm32f10x_usart.o(.text)
    USART_OverSampling8Cmd                   0x080087e5   Thumb Code    22  stm32f10x_usart.o(.text)
    USART_OneBitMethodCmd                    0x080087fb   Thumb Code    24  stm32f10x_usart.o(.text)
    USART_IrDAConfig                         0x08008813   Thumb Code    18  stm32f10x_usart.o(.text)
    USART_IrDACmd                            0x08008825   Thumb Code    24  stm32f10x_usart.o(.text)
    USART_GetFlagStatus                      0x0800883d   Thumb Code    26  stm32f10x_usart.o(.text)
    USART_ClearFlag                          0x08008857   Thumb Code    18  stm32f10x_usart.o(.text)
    USART_GetITStatus                        0x08008869   Thumb Code    84  stm32f10x_usart.o(.text)
    USART_ClearITPendingBit                  0x080088bd   Thumb Code    52  stm32f10x_usart.o(.text)
    mymemcpy                                 0x080088f1   Thumb Code    26  malloc.o(.text)
    mymemset                                 0x0800890b   Thumb Code    20  malloc.o(.text)
    mem_init                                 0x0800891f   Thumb Code    54  malloc.o(.text)
    mem_perused                              0x08008955   Thumb Code    54  malloc.o(.text)
    mem_malloc                               0x0800898b   Thumb Code   162  malloc.o(.text)
    mem_free                                 0x08008a2d   Thumb Code    94  malloc.o(.text)
    myfree                                   0x08008a8b   Thumb Code    32  malloc.o(.text)
    mymalloc                                 0x08008aab   Thumb Code    34  malloc.o(.text)
    myrealloc                                0x08008acd   Thumb Code    66  malloc.o(.text)
    disk_initialize                          0x08008b21   Thumb Code    90  diskio.o(.text)
    disk_status                              0x08008b7b   Thumb Code     6  diskio.o(.text)
    disk_read                                0x08008b81   Thumb Code   122  diskio.o(.text)
    disk_write                               0x08008bfb   Thumb Code   102  diskio.o(.text)
    disk_ioctl                               0x08008c61   Thumb Code   154  diskio.o(.text)
    get_fattime                              0x08008cfb   Thumb Code     4  diskio.o(.text)
    ff_memalloc                              0x08008cff   Thumb Code    14  diskio.o(.text)
    ff_memfree                               0x08008d0d   Thumb Code    14  diskio.o(.text)
    clust2sect                               0x08008ecd   Thumb Code    26  ff.o(.text)
    get_fat                                  0x08008ee7   Thumb Code   228  ff.o(.text)
    put_fat                                  0x08008fcb   Thumb Code   314  ff.o(.text)
    dir_sdi                                  0x08009269   Thumb Code   156  ff.o(.text)
    gen_numname                              0x0800958d   Thumb Code   188  ff.o(.text)
    f_mount                                  0x0800a321   Thumb Code    38  ff.o(.text)
    f_open                                   0x0800a347   Thumb Code   392  ff.o(.text)
    f_read                                   0x0800a4cf   Thumb Code   474  ff.o(.text)
    f_write                                  0x0800a6a9   Thumb Code   550  ff.o(.text)
    f_sync                                   0x0800a8cf   Thumb Code   182  ff.o(.text)
    f_close                                  0x0800a985   Thumb Code    22  ff.o(.text)
    f_chdrive                                0x0800a99b   Thumb Code    18  ff.o(.text)
    f_chdir                                  0x0800a9ad   Thumb Code   124  ff.o(.text)
    f_lseek                                  0x0800aa29   Thumb Code   732  ff.o(.text)
    f_opendir                                0x0800ad05   Thumb Code   140  ff.o(.text)
    f_readdir                                0x0800ad91   Thumb Code   112  ff.o(.text)
    f_stat                                   0x0800ae01   Thumb Code    82  ff.o(.text)
    f_getfree                                0x0800ae53   Thumb Code   276  ff.o(.text)
    f_truncate                               0x0800af67   Thumb Code   156  ff.o(.text)
    f_unlink                                 0x0800b003   Thumb Code   222  ff.o(.text)
    f_mkdir                                  0x0800b0e1   Thumb Code   432  ff.o(.text)
    f_chmod                                  0x0800b291   Thumb Code   126  ff.o(.text)
    f_utime                                  0x0800b30f   Thumb Code   124  ff.o(.text)
    f_rename                                 0x0800b38b   Thumb Code   330  ff.o(.text)
    f_mkfs                                   0x0800b4d5   Thumb Code  1582  ff.o(.text)
    f_gets                                   0x0800bb03   Thumb Code    78  ff.o(.text)
    f_putc                                   0x0800bb51   Thumb Code    38  ff.o(.text)
    f_puts                                   0x0800bb77   Thumb Code    40  ff.o(.text)
    f_printf                                 0x0800bb9f   Thumb Code   704  ff.o(.text)
    exfuns_init                              0x0800be61   Thumb Code   110  exfuns.o(.text)
    char_upper                               0x0800becf   Thumb Code    26  exfuns.o(.text)
    f_typetell                               0x0800bee9   Thumb Code   188  exfuns.o(.text)
    exf_getfree                              0x0800bfa5   Thumb Code    74  exfuns.o(.text)
    mf_mount                                 0x0800c005   Thumb Code    18  fattester.o(.text)
    mf_open                                  0x0800c017   Thumb Code    24  fattester.o(.text)
    mf_close                                 0x0800c02f   Thumb Code    14  fattester.o(.text)
    mf_read                                  0x0800c03d   Thumb Code   224  fattester.o(.text)
    mf_write                                 0x0800c11d   Thumb Code    68  fattester.o(.text)
    mf_opendir                               0x0800c161   Thumb Code    14  fattester.o(.text)
    mf_readdir                               0x0800c16f   Thumb Code   204  fattester.o(.text)
    mf_scan_files                            0x0800c23b   Thumb Code   120  fattester.o(.text)
    mf_showfree                              0x0800c2b3   Thumb Code    88  fattester.o(.text)
    mf_lseek                                 0x0800c30b   Thumb Code    16  fattester.o(.text)
    mf_tell                                  0x0800c31b   Thumb Code     8  fattester.o(.text)
    mf_size                                  0x0800c323   Thumb Code     8  fattester.o(.text)
    mf_mkdir                                 0x0800c32b   Thumb Code    12  fattester.o(.text)
    mf_fmkfs                                 0x0800c337   Thumb Code    20  fattester.o(.text)
    mf_unlink                                0x0800c34b   Thumb Code    12  fattester.o(.text)
    mf_rename                                0x0800c357   Thumb Code    16  fattester.o(.text)
    mf_gets                                  0x0800c367   Thumb Code    38  fattester.o(.text)
    mf_putc                                  0x0800c38d   Thumb Code    18  fattester.o(.text)
    mf_puts                                  0x0800c39f   Thumb Code    18  fattester.o(.text)
    ff_convert                               0x0800c5dd   Thumb Code   146  mycc936.o(.text)
    ff_wtoupper                              0x0800c66f   Thumb Code    46  mycc936.o(.text)
    usmart_sys_cmd_exe                       0x0800c6a9   Thumb Code  1530  usmart.o(.text)
    usmart_reset_runtime                     0x0800cca3   Thumb Code     2  usmart.o(.text)
    usmart_get_runtime                       0x0800cca5   Thumb Code     2  usmart.o(.text)
    TIM2_IRQHandler                          0x0800cca7   Thumb Code     2  usmart.o(.text)
    Timer2_Init                              0x0800cca9   Thumb Code     2  usmart.o(.text)
    usmart_init                              0x0800ccab   Thumb Code     8  usmart.o(.text)
    usmart_cmd_rec                           0x0800ccb3   Thumb Code   170  usmart.o(.text)
    usmart_exe                               0x0800cd5d   Thumb Code   826  usmart.o(.text)
    usmart_scan                              0x0800d097   Thumb Code   118  usmart.o(.text)
    read_addr                                0x0800d10d   Thumb Code     6  usmart.o(.text)
    write_addr                               0x0800d113   Thumb Code     4  usmart.o(.text)
    usmart_strcmp                            0x0800d191   Thumb Code    34  usmart_str.o(.text)
    usmart_strcopy                           0x0800d1b3   Thumb Code    22  usmart_str.o(.text)
    usmart_strlen                            0x0800d1c9   Thumb Code    24  usmart_str.o(.text)
    usmart_pow                               0x0800d1e1   Thumb Code    22  usmart_str.o(.text)
    usmart_str2num                           0x0800d1f7   Thumb Code   202  usmart_str.o(.text)
    usmart_get_cmdname                       0x0800d2c1   Thumb Code    54  usmart_str.o(.text)
    usmart_search_nextc                      0x0800d2f7   Thumb Code    22  usmart_str.o(.text)
    usmart_get_fname                         0x0800d30d   Thumb Code   440  usmart_str.o(.text)
    usmart_get_aparm                         0x0800d4c5   Thumb Code   200  usmart_str.o(.text)
    usmart_get_parmpos                       0x0800d58d   Thumb Code    26  usmart_str.o(.text)
    usmart_get_fparam                        0x0800d5a7   Thumb Code   262  usmart_str.o(.text)
    Get_HzMat                                0x0800d6b9   Thumb Code   150  text.o(.text)
    Show_Font                                0x0800d74f   Thumb Code   244  text.o(.text)
    Show_Str                                 0x0800d843   Thumb Code   192  text.o(.text)
    Show_Str_Mid                             0x0800d903   Thumb Code   106  text.o(.text)
    stdbmp_decode                            0x0800d979   Thumb Code   720  bmp.o(.text)
    minibmp_decode                           0x0800dc49   Thumb Code   936  bmp.o(.text)
    bmp_encode                               0x0800dff1   Thumb Code   496  bmp.o(.text)
    gif_check_head                           0x0800e1ed   Thumb Code    88  gif.o(.text)
    gif_getrgb565                            0x0800e245   Thumb Code    28  gif.o(.text)
    gif_readcolortbl                         0x0800e261   Thumb Code    64  gif.o(.text)
    gif_getinfo                              0x0800e2a1   Thumb Code    76  gif.o(.text)
    gif_savegctbl                            0x0800e2ed   Thumb Code    38  gif.o(.text)
    gif_recovergctbl                         0x0800e313   Thumb Code    38  gif.o(.text)
    gif_initlzw                              0x0800e339   Thumb Code   140  gif.o(.text)
    gif_getdatablock                         0x0800e3c5   Thumb Code    96  gif.o(.text)
    gif_readextension                        0x0800e425   Thumb Code   164  gif.o(.text)
    gif_getnextcode                          0x0800e4c9   Thumb Code   414  gif.o(.text)
    gif_getnextbyte                          0x0800e667   Thumb Code   706  gif.o(.text)
    gif_dispimage                            0x0800e929   Thumb Code   534  gif.o(.text)
    gif_clear2bkcolor                        0x0800eb3f   Thumb Code   496  gif.o(.text)
    gif_drawimage                            0x0800ed2f   Thumb Code   352  gif.o(.text)
    gif_quit                                 0x0800ee8f   Thumb Code     8  gif.o(.text)
    gif_decode                               0x0800ee97   Thumb Code   306  gif.o(.text)
    piclib_draw_hline                        0x0800efcd   Thumb Code    52  piclib.o(.text)
    piclib_init                              0x0800f001   Thumb Code    68  piclib.o(.text)
    piclib_alpha_blend                       0x0800f045   Thumb Code    42  piclib.o(.text)
    ai_draw_init                             0x0800f06f   Thumb Code   264  piclib.o(.text)
    is_element_ok                            0x0800f177   Thumb Code    36  piclib.o(.text)
    ai_load_picfile                          0x0800f19b   Thumb Code   206  piclib.o(.text)
    jd_prepare                               0x0800fe2d   Thumb Code   924  tjpgd.o(.text)
    jd_decomp                                0x080101c9   Thumb Code   162  tjpgd.o(.text)
    jpeg_mallocall                           0x0801026b   Thumb Code    76  tjpgd.o(.text)
    jpeg_freeall                             0x080102b7   Thumb Code    34  tjpgd.o(.text)
    jpeg_in_func                             0x080102d9   Thumb Code    48  tjpgd.o(.text)
    jpeg_out_func_fill                       0x08010309   Thumb Code   102  tjpgd.o(.text)
    jpeg_out_func_point                      0x0801036f   Thumb Code   182  tjpgd.o(.text)
    jpg_decode                               0x08010425   Thumb Code   268  tjpgd.o(.text)
    mp3_index_show                           0x08010545   Thumb Code    64  mp3player.o(.text)
    mp3_vol_show                             0x08010585   Thumb Code    46  mp3player.o(.text)
    mp3_msg_show                             0x080105b3   Thumb Code   336  mp3player.o(.text)
    mp3_get_tnum                             0x08010703   Thumb Code   116  mp3player.o(.text)
    mp3_play_song                            0x08010777   Thumb Code   408  mp3player.o(.text)
    mp3_play                                 0x0801090f   Thumb Code   690  mp3player.o(.text)
    Mp3Play                                  0x08010bc1   Thumb Code   528  mp3player.o(.text)
    recoder_enter_rec_mode                   0x08010e45   Thumb Code    82  recorder.o(.text)
    recoder_wav_init                         0x08010e97   Thumb Code    64  recorder.o(.text)
    recoder_show_time                        0x08010ed7   Thumb Code    98  recorder.o(.text)
    recoder_vu_get                           0x08010f39   Thumb Code    32  recorder.o(.text)
    recoder_new_pathname                     0x08010f59   Thumb Code    54  recorder.o(.text)
    recoder_show_agc                         0x08010f8f   Thumb Code    70  recorder.o(.text)
    rec_play_wav                             0x08010fd5   Thumb Code   176  recorder.o(.text)
    recoder_play                             0x08011085   Thumb Code   954  recorder.o(.text)
    RecoderPlay                              0x0801143f   Thumb Code   936  recorder.o(.text)
    DeleteRecorder                           0x080117e7   Thumb Code   144  recorder.o(.text)
    __use_no_semihosting                     0x080118ad   Thumb Code     2  use_no_semi_2.o(.text)
    __2printf                                0x080118b1   Thumb Code    20  noretval__2printf.o(.text)
    __2sprintf                               0x080118c9   Thumb Code    34  noretval__2sprintf.o(.text)
    _printf_pre_padding                      0x080118f1   Thumb Code    46  _printf_pad.o(.text)
    _printf_post_padding                     0x0801191f   Thumb Code    36  _printf_pad.o(.text)
    _printf_str                              0x08011943   Thumb Code    82  _printf_str.o(.text)
    _printf_int_dec                          0x08011995   Thumb Code   102  _printf_dec.o(.text)
    _printf_int_hex                          0x08011a0d   Thumb Code    88  _printf_hex_int.o(.text)
    _printf_longlong_hex                     0x08011a0d   Thumb Code     0  _printf_hex_int.o(.text)
    __printf                                 0x08011a69   Thumb Code   390  __printf_flags_ss_wp.o(.text)
    strcpy                                   0x08011bf5   Thumb Code    72  strcpy.o(.text)
    strlen                                   0x08011c3d   Thumb Code    62  strlen.o(.text)
    strcat                                   0x08011c7b   Thumb Code    24  strcat.o(.text)
    strcmp                                   0x08011c95   Thumb Code   128  strcmpv7m.o(.text)
    __use_two_region_memory                  0x08011d15   Thumb Code     2  heapauxi.o(.text)
    __rt_heap_escrow$2region                 0x08011d17   Thumb Code     2  heapauxi.o(.text)
    __rt_heap_expand$2region                 0x08011d19   Thumb Code     2  heapauxi.o(.text)
    __I$use$semihosting                      0x08011d1b   Thumb Code     0  use_no_semi.o(.text)
    __use_no_semihosting_swi                 0x08011d1b   Thumb Code     2  use_no_semi.o(.text)
    _printf_int_common                       0x08011d1d   Thumb Code   184  _printf_intcommon.o(.text)
    _printf_char_common                      0x08011ddf   Thumb Code    32  _printf_char_common.o(.text)
    _sputc                                   0x08011e05   Thumb Code    10  _sputc.o(.text)
    _printf_cs_common                        0x08011e0f   Thumb Code    20  _printf_char.o(.text)
    _printf_char                             0x08011e23   Thumb Code    16  _printf_char.o(.text)
    _printf_string                           0x08011e33   Thumb Code     8  _printf_char.o(.text)
    _printf_char_file                        0x08011e3d   Thumb Code    32  _printf_char_file.o(.text)
    ferror                                   0x08011e61   Thumb Code     8  ferror.o(.text)
    __user_setup_stackheap                   0x08011e69   Thumb Code    74  sys_stackheap_outer.o(.text)
    exit                                     0x08011eb3   Thumb Code    12  exit.o(.text)
    __user_libspace                          0x08011ec1   Thumb Code     8  libspace.o(.text)
    __user_perproc_libspace                  0x08011ec1   Thumb Code     0  libspace.o(.text)
    __user_perthread_libspace                0x08011ec1   Thumb Code     0  libspace.o(.text)
    _is_digit                                0x08011ec9   Thumb Code    14  __printf_wp.o(i._is_digit)
    __aeabi_fadd                             0x08011ed9   Thumb Code     0  faddsub_clz.o(x$fpl$fadd)
    _fadd                                    0x08011ed9   Thumb Code   196  faddsub_clz.o(x$fpl$fadd)
    __fpl_fcmp_Inf                           0x08011f9d   Thumb Code    24  fcmpi.o(x$fpl$fcmpinf)
    __aeabi_fdiv                             0x08011fb5   Thumb Code     0  fdiv.o(x$fpl$fdiv)
    _fdiv                                    0x08011fb5   Thumb Code   384  fdiv.o(x$fpl$fdiv)
    __aeabi_f2uiz                            0x08012139   Thumb Code     0  ffixu.o(x$fpl$ffixu)
    _ffixu                                   0x08012139   Thumb Code    62  ffixu.o(x$fpl$ffixu)
    __aeabi_ui2f                             0x08012179   Thumb Code     0  fflt_clz.o(x$fpl$ffltu)
    _ffltu                                   0x08012179   Thumb Code    38  fflt_clz.o(x$fpl$ffltu)
    __aeabi_cfcmple                          0x080121a1   Thumb Code     0  fleqf.o(x$fpl$fleqf)
    _fcmple                                  0x080121a1   Thumb Code   104  fleqf.o(x$fpl$fleqf)
    __fpl_fcmple_InfNaN                      0x080121f3   Thumb Code     0  fleqf.o(x$fpl$fleqf)
    __aeabi_fmul                             0x08012209   Thumb Code     0  fmul.o(x$fpl$fmul)
    _fmul                                    0x08012209   Thumb Code   258  fmul.o(x$fpl$fmul)
    __fpl_fnaninf                            0x0801230b   Thumb Code   140  fnaninf.o(x$fpl$fnaninf)
    __fpl_fretinf                            0x08012397   Thumb Code    10  fretinf.o(x$fpl$fretinf)
    __aeabi_cfrcmple                         0x080123a1   Thumb Code     0  frleqf.o(x$fpl$frleqf)
    _frcmple                                 0x080123a1   Thumb Code    98  frleqf.o(x$fpl$frleqf)
    __aeabi_fsub                             0x08012405   Thumb Code     0  faddsub_clz.o(x$fpl$fsub)
    _fsub                                    0x08012405   Thumb Code   234  faddsub_clz.o(x$fpl$fsub)
    __I$use$fp                               0x080124ee   Number         0  usenofp.o(x$fpl$usenofp)
    asc2_1206                                0x080124ee   Data        1140  lcd.o(.constdata)
    asc2_1608                                0x08012962   Data        1520  lcd.o(.constdata)
    bitrate                                  0x08012f52   Data          64  vs10xx.o(.constdata)
    memtblsize                               0x08012f94   Data           8  malloc.o(.constdata)
    memblksize                               0x08012f9c   Data           8  malloc.o(.constdata)
    memsize                                  0x08012fa4   Data           8  malloc.o(.constdata)
    _aMaskTbl                                0x080133f6   Data          32  gif.o(.constdata)
    _aInterlaceOffset                        0x08013416   Data           4  gif.o(.constdata)
    _aInterlaceYPos                          0x0801341a   Data           4  gif.o(.constdata)
    vs1053b_patch                            0x080138de   Data       10866  mp3player.o(.constdata)
    wav_plugin                               0x08016350   Data          80  recorder.o(.constdata)
    vu_val_tbl                               0x080163a0   Data          20  recorder.o(.constdata)
    Region$$Table$$Base                      0x08016944   Number         0  anon$$obj.o(Region$$Table)
    Region$$Table$$Limit                     0x08016964   Number         0  anon$$obj.o(Region$$Table)
    SystemCoreClock                          0x20000000   Data           4  system_stm32f10x.o(.data)
    AHBPrescTable                            0x20000004   Data          16  system_stm32f10x.o(.data)
    tpad_default_val                         0x20000016   Data           2  tpad.o(.data)
    POINT_COLOR                              0x2000001a   Data           2  lcd.o(.data)
    BACK_COLOR                               0x2000001c   Data           2  lcd.o(.data)
    SPI_FLASH_TYPE                           0x2000001e   Data           2  flash.o(.data)
    SD_Type                                  0x20000020   Data           1  mmc_sd.o(.data)
    vsset                                    0x20000021   Data           7  vs10xx.o(.data)
    USART_RX_STA                             0x2000002c   Data           2  usart.o(.data)
    __stdout                                 0x20000030   Data           4  usart.o(.data)
    mallco_dev                               0x20000048   Data          28  malloc.o(.data)
    FLASH_SECTOR_COUNT                       0x20000064   Data           2  diskio.o(.data)
    FILE_TYPE_TBL                            0x20000074   Data         312  exfuns.o(.data)
    fs                                       0x200001ac   Data           8  exfuns.o(.data)
    file                                     0x200001b4   Data           4  exfuns.o(.data)
    ftemp                                    0x200001b8   Data           4  exfuns.o(.data)
    br                                       0x200001bc   Data           4  exfuns.o(.data)
    bw                                       0x200001c0   Data           4  exfuns.o(.data)
    fatbuf                                   0x200001c4   Data           4  exfuns.o(.data)
    sys_cmd_tab                              0x200001c8   Data          28  usmart.o(.data)
    usmart_nametab                           0x200001e4   Data         296  usmart_config.o(.data)
    usmart_dev                               0x2000030c   Data         244  usmart_config.o(.data)
    gifdecoding                              0x20000400   Data           1  gif.o(.data)
    f_jpeg                                   0x20000404   Data           4  tjpgd.o(.data)
    jpeg_dev                                 0x20000408   Data           4  tjpgd.o(.data)
    jpg_buffer                               0x2000040c   Data           4  tjpgd.o(.data)
    f_kbps                                   0x20000410   Data           2  mp3player.o(.data)
    lcddev                                   0x20000414   Data          14  lcd.o(.bss)
    SPI_FLASH_BUF                            0x20000422   Data        4096  flash.o(.bss)
    USART_RX_BUF                             0x20001422   Data         200  usart.o(.bss)
    mem1base                                 0x200014ec   Data       40960  malloc.o(.bss)
    mem1mapbase                              0x2000b4ec   Data        2560  malloc.o(.bss)
    fileinfo                                 0x2000beec   Data          32  exfuns.o(.bss)
    dir                                      0x2000bf0c   Data          36  exfuns.o(.bss)
    ftinfo                                   0x2000bf30   Data          25  fontupd.o(.bss)
    picinfo                                  0x2000bf4c   Data          40  piclib.o(.bss)
    pic_phy                                  0x2000bf74   Data          28  piclib.o(.bss)
    __libspace_start                         0x2000bf90   Data          96  libspace.o(.bss)
    __temporary_stack_top$libspace           0x2000bff0   Data           0  libspace.o(.bss)
    mem2base                                 0x68000000   Data       196608  malloc.o(.ARM.__AT_0x68000000)
    mem2mapbase                              0x68030000   Data       12288  malloc.o(.ARM.__AT_0x68030000)



==============================================================================

Memory Map of the image

  Image Entry point : 0x08000131

  Load Region LR_IROM1 (Base: 0x08000000, Size: 0x00016d78, Max: 0x00080000, ABSOLUTE, COMPRESSED[0x00016b10])

    Execution Region ER_IROM1 (Base: 0x08000000, Size: 0x00016964, Max: 0x00080000, ABSOLUTE)

    Base Addr    Size         Type   Attr      Idx    E Section Name        Object

    0x08000000   0x00000130   Data   RO          424    RESET               startup_stm32f10x_hd.o
    0x08000130   0x00000008   Code   RO          938  * !!!main             c_w.l(__main.o)
    0x08000138   0x00000034   Code   RO         1144    !!!scatter          c_w.l(__scatter.o)
    0x0800016c   0x0000005a   Code   RO         1142    !!dczerorl2         c_w.l(__dczerorl2.o)
    0x080001c6   0x00000002   PAD
    0x080001c8   0x0000001c   Code   RO         1146    !!handler_zi        c_w.l(__scatter_zi.o)
    0x080001e4   0x00000000   Code   RO          927    .ARM.Collect$$_printf_percent$$00000000  c_w.l(_printf_percent.o)
    0x080001e4   0x00000006   Code   RO          925    .ARM.Collect$$_printf_percent$$00000009  c_w.l(_printf_d.o)
    0x080001ea   0x00000006   Code   RO          926    .ARM.Collect$$_printf_percent$$0000000A  c_w.l(_printf_u.o)
    0x080001f0   0x00000006   Code   RO          924    .ARM.Collect$$_printf_percent$$0000000C  c_w.l(_printf_x.o)
    0x080001f6   0x00000006   Code   RO          922    .ARM.Collect$$_printf_percent$$00000013  c_w.l(_printf_c.o)
    0x080001fc   0x00000006   Code   RO          923    .ARM.Collect$$_printf_percent$$00000014  c_w.l(_printf_s.o)
    0x08000202   0x00000004   Code   RO          981    .ARM.Collect$$_printf_percent$$00000017  c_w.l(_printf_percent_end.o)
    0x08000206   0x00000002   Code   RO         1019    .ARM.Collect$$libinit$$00000000  c_w.l(libinit.o)
    0x08000208   0x00000000   Code   RO         1026    .ARM.Collect$$libinit$$00000002  c_w.l(libinit2.o)
    0x08000208   0x00000000   Code   RO         1029    .ARM.Collect$$libinit$$00000008  c_w.l(libinit2.o)
    0x08000208   0x00000000   Code   RO         1031    .ARM.Collect$$libinit$$0000000A  c_w.l(libinit2.o)
    0x08000208   0x00000000   Code   RO         1033    .ARM.Collect$$libinit$$0000000C  c_w.l(libinit2.o)
    0x08000208   0x00000000   Code   RO         1036    .ARM.Collect$$libinit$$0000000F  c_w.l(libinit2.o)
    0x08000208   0x00000000   Code   RO         1038    .ARM.Collect$$libinit$$00000011  c_w.l(libinit2.o)
    0x08000208   0x00000000   Code   RO         1040    .ARM.Collect$$libinit$$00000013  c_w.l(libinit2.o)
    0x08000208   0x00000000   Code   RO         1042    .ARM.Collect$$libinit$$00000015  c_w.l(libinit2.o)
    0x08000208   0x00000000   Code   RO         1044    .ARM.Collect$$libinit$$00000017  c_w.l(libinit2.o)
    0x08000208   0x00000000   Code   RO         1046    .ARM.Collect$$libinit$$00000019  c_w.l(libinit2.o)
    0x08000208   0x00000000   Code   RO         1048    .ARM.Collect$$libinit$$0000001B  c_w.l(libinit2.o)
    0x08000208   0x00000000   Code   RO         1050    .ARM.Collect$$libinit$$0000001D  c_w.l(libinit2.o)
    0x08000208   0x00000000   Code   RO         1052    .ARM.Collect$$libinit$$0000001F  c_w.l(libinit2.o)
    0x08000208   0x00000000   Code   RO         1054    .ARM.Collect$$libinit$$00000021  c_w.l(libinit2.o)
    0x08000208   0x00000000   Code   RO         1056    .ARM.Collect$$libinit$$00000023  c_w.l(libinit2.o)
    0x08000208   0x00000000   Code   RO         1060    .ARM.Collect$$libinit$$0000002A  c_w.l(libinit2.o)
    0x08000208   0x00000000   Code   RO         1062    .ARM.Collect$$libinit$$0000002C  c_w.l(libinit2.o)
    0x08000208   0x00000000   Code   RO         1064    .ARM.Collect$$libinit$$0000002E  c_w.l(libinit2.o)
    0x08000208   0x00000000   Code   RO         1066    .ARM.Collect$$libinit$$00000030  c_w.l(libinit2.o)
    0x08000208   0x00000002   Code   RO         1067    .ARM.Collect$$libinit$$00000031  c_w.l(libinit2.o)
    0x0800020a   0x00000002   Code   RO         1085    .ARM.Collect$$libshutdown$$00000000  c_w.l(libshutdown.o)
    0x0800020c   0x00000000   Code   RO         1096    .ARM.Collect$$libshutdown$$00000003  c_w.l(libshutdown2.o)
    0x0800020c   0x00000000   Code   RO         1099    .ARM.Collect$$libshutdown$$00000006  c_w.l(libshutdown2.o)
    0x0800020c   0x00000000   Code   RO         1102    .ARM.Collect$$libshutdown$$00000009  c_w.l(libshutdown2.o)
    0x0800020c   0x00000000   Code   RO         1104    .ARM.Collect$$libshutdown$$0000000B  c_w.l(libshutdown2.o)
    0x0800020c   0x00000000   Code   RO         1107    .ARM.Collect$$libshutdown$$0000000E  c_w.l(libshutdown2.o)
    0x0800020c   0x00000002   Code   RO         1108    .ARM.Collect$$libshutdown$$0000000F  c_w.l(libshutdown2.o)
    0x0800020e   0x00000000   Code   RO          970    .ARM.Collect$$rtentry$$00000000  c_w.l(rtentry.o)
    0x0800020e   0x00000000   Code   RO          990    .ARM.Collect$$rtentry$$00000002  c_w.l(rtentry2.o)
    0x0800020e   0x00000006   Code   RO         1002    .ARM.Collect$$rtentry$$00000004  c_w.l(rtentry4.o)
    0x08000214   0x00000000   Code   RO          992    .ARM.Collect$$rtentry$$00000009  c_w.l(rtentry2.o)
    0x08000214   0x00000004   Code   RO          993    .ARM.Collect$$rtentry$$0000000A  c_w.l(rtentry2.o)
    0x08000218   0x00000000   Code   RO          995    .ARM.Collect$$rtentry$$0000000C  c_w.l(rtentry2.o)
    0x08000218   0x00000008   Code   RO          996    .ARM.Collect$$rtentry$$0000000D  c_w.l(rtentry2.o)
    0x08000220   0x00000002   Code   RO         1023    .ARM.Collect$$rtexit$$00000000  c_w.l(rtexit.o)
    0x08000222   0x00000000   Code   RO         1069    .ARM.Collect$$rtexit$$00000002  c_w.l(rtexit2.o)
    0x08000222   0x00000004   Code   RO         1070    .ARM.Collect$$rtexit$$00000003  c_w.l(rtexit2.o)
    0x08000226   0x00000006   Code   RO         1071    .ARM.Collect$$rtexit$$00000004  c_w.l(rtexit2.o)
    0x0800022c   0x00000140   Code   RO            1    .text               main.o
    0x0800036c   0x0000001a   Code   RO          138    .text               stm32f10x_it.o
    0x08000386   0x00000002   PAD
    0x08000388   0x000001dc   Code   RO          173    .text               system_stm32f10x.o
    0x08000564   0x000000fc   Code   RO          203    .text               key.o
    0x08000660   0x0000026c   Code   RO          219    .text               tpad.o
    0x080008cc   0x0000481a   Code   RO          237    .text               lcd.o
    0x080050e6   0x00000002   PAD
    0x080050e8   0x00000204   Code   RO          267    .text               spi.o
    0x080052ec   0x00000398   Code   RO          282    .text               flash.o
    0x08005684   0x00000564   Code   RO          313    .text               mmc_sd.o
    0x08005be8   0x00000774   Code   RO          331    .text               vs10xx.o
    0x0800635c   0x00000058   Code   RO          350    .text               audiosel.o
    0x080063b4   0x000000d0   Code   RO          362    .text               delay.o
    0x08006484   0x0000000c   Code   RO          376    .text               sys.o
    0x08006490   0x00000100   Code   RO          388    .text               usart.o
    0x08006590   0x00000040   Code   RO          425    .text               startup_stm32f10x_hd.o
    0x080065d0   0x000000dc   Code   RO          429    .text               misc.o
    0x080066ac   0x00000618   Code   RO          441    .text               stm32f10x_fsmc.o
    0x08006cc4   0x00000358   Code   RO          453    .text               stm32f10x_gpio.o
    0x0800701c   0x000003a4   Code   RO          480    .text               stm32f10x_rcc.o
    0x080073c0   0x0000030c   Code   RO          494    .text               stm32f10x_spi.o
    0x080076cc   0x00000e1a   Code   RO          506    .text               stm32f10x_tim.o
    0x080084e6   0x00000002   PAD
    0x080084e8   0x00000408   Code   RO          518    .text               stm32f10x_usart.o
    0x080088f0   0x00000230   Code   RO          530    .text               malloc.o
    0x08008b20   0x00000208   Code   RO          552    .text               diskio.o
    0x08008d28   0x00003136   Code   RO          574    .text               ff.o
    0x0800be5e   0x00000002   PAD
    0x0800be60   0x000001a4   Code   RO          595    .text               exfuns.o
    0x0800c004   0x000005d8   Code   RO          622    .text               fattester.o
    0x0800c5dc   0x000000cc   Code   RO          648    .text               mycc936.o
    0x0800c6a8   0x00000ae8   Code   RO          665    .text               usmart.o
    0x0800d190   0x00000528   Code   RO          698    .text               usmart_str.o
    0x0800d6b8   0x000002c0   Code   RO          730    .text               text.o
    0x0800d978   0x00000874   Code   RO          745    .text               bmp.o
    0x0800e1ec   0x00000de0   Code   RO          757    .text               gif.o
    0x0800efcc   0x000002c4   Code   RO          776    .text               piclib.o
    0x0800f290   0x000012b4   Code   RO          794    .text               tjpgd.o
    0x08010544   0x00000900   Code   RO          823    .text               mp3player.o
    0x08010e44   0x00000a68   Code   RO          842    .text               recorder.o
    0x080118ac   0x00000002   Code   RO          863    .text               c_w.l(use_no_semi_2.o)
    0x080118ae   0x00000002   PAD
    0x080118b0   0x00000018   Code   RO          869    .text               c_w.l(noretval__2printf.o)
    0x080118c8   0x00000028   Code   RO          871    .text               c_w.l(noretval__2sprintf.o)
    0x080118f0   0x00000052   Code   RO          875    .text               c_w.l(_printf_pad.o)
    0x08011942   0x00000052   Code   RO          877    .text               c_w.l(_printf_str.o)
    0x08011994   0x00000078   Code   RO          879    .text               c_w.l(_printf_dec.o)
    0x08011a0c   0x0000005c   Code   RO          884    .text               c_w.l(_printf_hex_int.o)
    0x08011a68   0x0000018c   Code   RO          919    .text               c_w.l(__printf_flags_ss_wp.o)
    0x08011bf4   0x00000048   Code   RO          928    .text               c_w.l(strcpy.o)
    0x08011c3c   0x0000003e   Code   RO          930    .text               c_w.l(strlen.o)
    0x08011c7a   0x00000018   Code   RO          932    .text               c_w.l(strcat.o)
    0x08011c92   0x00000002   PAD
    0x08011c94   0x00000080   Code   RO          934    .text               c_w.l(strcmpv7m.o)
    0x08011d14   0x00000006   Code   RO          936    .text               c_w.l(heapauxi.o)
    0x08011d1a   0x00000002   Code   RO          968    .text               c_w.l(use_no_semi.o)
    0x08011d1c   0x000000b8   Code   RO          971    .text               c_w.l(_printf_intcommon.o)
    0x08011dd4   0x00000030   Code   RO          973    .text               c_w.l(_printf_char_common.o)
    0x08011e04   0x0000000a   Code   RO          975    .text               c_w.l(_sputc.o)
    0x08011e0e   0x0000002c   Code   RO          977    .text               c_w.l(_printf_char.o)
    0x08011e3a   0x00000002   PAD
    0x08011e3c   0x00000024   Code   RO          979    .text               c_w.l(_printf_char_file.o)
    0x08011e60   0x00000008   Code   RO         1006    .text               c_w.l(ferror.o)
    0x08011e68   0x0000004a   Code   RO         1010    .text               c_w.l(sys_stackheap_outer.o)
    0x08011eb2   0x0000000c   Code   RO         1012    .text               c_w.l(exit.o)
    0x08011ebe   0x00000002   PAD
    0x08011ec0   0x00000008   Code   RO         1020    .text               c_w.l(libspace.o)
    0x08011ec8   0x0000000e   Code   RO          912    i._is_digit         c_w.l(__printf_wp.o)
    0x08011ed6   0x00000002   PAD
    0x08011ed8   0x000000c4   Code   RO          940    x$fpl$fadd          fz_ws.l(faddsub_clz.o)
    0x08011f9c   0x00000018   Code   RO          982    x$fpl$fcmpinf       fz_ws.l(fcmpi.o)
    0x08011fb4   0x00000184   Code   RO          947    x$fpl$fdiv          fz_ws.l(fdiv.o)
    0x08012138   0x0000003e   Code   RO          952    x$fpl$ffixu         fz_ws.l(ffixu.o)
    0x08012176   0x00000002   PAD
    0x08012178   0x00000026   Code   RO          956    x$fpl$ffltu         fz_ws.l(fflt_clz.o)
    0x0801219e   0x00000002   PAD
    0x080121a0   0x00000068   Code   RO          962    x$fpl$fleqf         fz_ws.l(fleqf.o)
    0x08012208   0x00000102   Code   RO          964    x$fpl$fmul          fz_ws.l(fmul.o)
    0x0801230a   0x0000008c   Code   RO          984    x$fpl$fnaninf       fz_ws.l(fnaninf.o)
    0x08012396   0x0000000a   Code   RO          986    x$fpl$fretinf       fz_ws.l(fretinf.o)
    0x080123a0   0x00000062   Code   RO          966    x$fpl$frleqf        fz_ws.l(frleqf.o)
    0x08012402   0x00000002   PAD
    0x08012404   0x000000ea   Code   RO          942    x$fpl$fsub          fz_ws.l(faddsub_clz.o)
    0x080124ee   0x00000000   Code   RO          988    x$fpl$usenofp       fz_ws.l(usenofp.o)
    0x080124ee   0x00000a64   Data   RO          239    .constdata          lcd.o
    0x08012f52   0x00000040   Data   RO          332    .constdata          vs10xx.o
    0x08012f92   0x00000002   PAD
    0x08012f94   0x00000018   Data   RO          534    .constdata          malloc.o
    0x08012fac   0x0000003a   Data   RO          575    .constdata          ff.o
    0x08012fe6   0x000003c0   Data   RO          649    .constdata          mycc936.o
    0x080133a6   0x00000002   PAD
    0x080133a8   0x0000004d   Data   RO          666    .constdata          usmart.o
    0x080133f5   0x00000001   PAD
    0x080133f6   0x00000028   Data   RO          758    .constdata          gif.o
    0x0801341e   0x000004c0   Data   RO          795    .constdata          tjpgd.o
    0x080138de   0x00002a72   Data   RO          824    .constdata          mp3player.o
    0x08016350   0x00000064   Data   RO          843    .constdata          recorder.o
    0x080163b4   0x00000028   Data   RO          885    .constdata          c_w.l(_printf_hex_int.o)
    0x080163dc   0x00000011   Data   RO          920    .constdata          c_w.l(__printf_flags_ss_wp.o)
    0x080163ed   0x00000058   Data   RO          597    .conststring        exfuns.o
    0x08016445   0x0000001f   Data   RO          667    .conststring        usmart.o
    0x08016464   0x000004dd   Data   RO          682    .conststring        usmart_config.o
    0x08016941   0x00000003   PAD
    0x08016944   0x00000020   Data   RO         1140    Region$$Table       anon$$obj.o


    Execution Region RW_IRAM1 (Base: 0x20000000, Size: 0x0000c5f0, Max: 0x00010000, ABSOLUTE, COMPRESSED[0x000001ac])

    Base Addr    Size         Type   Attr      Idx    E Section Name        Object

    0x20000000   0x00000014   Data   RW          174    .data               system_stm32f10x.o
    0x20000014   0x00000001   Data   RW          204    .data               key.o
    0x20000015   0x00000001   PAD
    0x20000016   0x00000003   Data   RW          220    .data               tpad.o
    0x20000019   0x00000001   PAD
    0x2000001a   0x00000004   Data   RW          240    .data               lcd.o
    0x2000001e   0x00000002   Data   RW          284    .data               flash.o
    0x20000020   0x00000001   Data   RW          314    .data               mmc_sd.o
    0x20000021   0x00000007   Data   RW          333    .data               vs10xx.o
    0x20000028   0x00000004   Data   RW          363    .data               delay.o
    0x2000002c   0x00000008   Data   RW          390    .data               usart.o
    0x20000034   0x00000014   Data   RW          481    .data               stm32f10x_rcc.o
    0x20000048   0x0000001c   Data   RW          535    .data               malloc.o
    0x20000064   0x00000002   Data   RW          553    .data               diskio.o
    0x20000066   0x00000002   PAD
    0x20000068   0x0000000b   Data   RW          576    .data               ff.o
    0x20000073   0x00000001   PAD
    0x20000074   0x00000154   Data   RW          598    .data               exfuns.o
    0x200001c8   0x0000001c   Data   RW          668    .data               usmart.o
    0x200001e4   0x0000021c   Data   RW          683    .data               usmart_config.o
    0x20000400   0x00000001   Data   RW          759    .data               gif.o
    0x20000401   0x00000003   PAD
    0x20000404   0x0000000c   Data   RW          796    .data               tjpgd.o
    0x20000410   0x00000004   Data   RW          825    .data               mp3player.o
    0x20000414   0x0000000e   Zero   RW          238    .bss                lcd.o
    0x20000422   0x00001000   Zero   RW          283    .bss                flash.o
    0x20001422   0x000000c8   Zero   RW          389    .bss                usart.o
    0x200014ea   0x00000002   PAD
    0x200014ec   0x0000aa00   Zero   RW          533    .bss                malloc.o
    0x2000beec   0x00000044   Zero   RW          596    .bss                exfuns.o
    0x2000bf30   0x00000019   Zero   RW          711    .bss                fontupd.o
    0x2000bf49   0x00000003   PAD
    0x2000bf4c   0x00000044   Zero   RW          777    .bss                piclib.o
    0x2000bf90   0x00000060   Zero   RW         1021    .bss                c_w.l(libspace.o)
    0x2000bff0   0x00000200   Zero   RW          423    HEAP                startup_stm32f10x_hd.o
    0x2000c1f0   0x00000400   Zero   RW          422    STACK               startup_stm32f10x_hd.o



  Load Region LR$$.ARM.__AT_0x68000000 (Base: 0x68000000, Size: 0x00000000, Max: 0x00030000, ABSOLUTE)

    Execution Region ER$$.ARM.__AT_0x68000000 (Base: 0x68000000, Size: 0x00030000, Max: 0x00030000, ABSOLUTE, UNINIT)

    Base Addr    Size         Type   Attr      Idx    E Section Name        Object

    0x68000000   0x00030000   Zero   RW          531    .ARM.__AT_0x68000000  malloc.o



  Load Region LR$$.ARM.__AT_0x68030000 (Base: 0x68030000, Size: 0x00000000, Max: 0x00003000, ABSOLUTE)

    Execution Region ER$$.ARM.__AT_0x68030000 (Base: 0x68030000, Size: 0x00003000, Max: 0x00003000, ABSOLUTE, UNINIT)

    Base Addr    Size         Type   Attr      Idx    E Section Name        Object

    0x68030000   0x00003000   Zero   RW          532    .ARM.__AT_0x68030000  malloc.o


==============================================================================

Image component sizes


      Code (inc. data)   RO Data    RW Data    ZI Data      Debug   Object Name

        88         16          0          0          0        689   audiosel.o
      2164         20          0          0          0       5050   bmp.o
         0          0          0          0          0         32   core_cm3.o
       208         18          0          4          0        983   delay.o
       520         14          0          2          0       4098   diskio.o
       420         22         88        340         68       2560   exfuns.o
      1496        556          0          0          0       4904   fattester.o
     12598        128         58         11          0      34911   ff.o
       920         30          0          2       4096       4309   flash.o
         0          0          0          0         25       1313   fontupd.o
      3552         24         40          1          0       9734   gif.o
       252         12          0          1          0        812   key.o
     18458        144       2660          4         14      21811   lcd.o
       320        128          0          0          0     272679   main.o
       560         18         24         28     252416       4440   malloc.o
       220         20          0          0          0       1761   misc.o
      1380         26          0          1          0       5626   mmc_sd.o
      2304        228      10866          4          0       5086   mp3player.o
       204         12        960          0          0       1541   mycc936.o
       708         40          0          0         68       3800   piclib.o
      2664        300        100          0          0       5458   recorder.o
       516         18          0          0          0       1816   spi.o
        64         26        304          0       1536        756   startup_stm32f10x_hd.o
      1560         54          0          0          0       5307   stm32f10x_fsmc.o
       856         40          0          0          0       5609   stm32f10x_gpio.o
        26          0          0          0          0       1162   stm32f10x_it.o
       932         44          0         20          0       8764   stm32f10x_rcc.o
       780         14          0          0          0       6490   stm32f10x_spi.o
      3610         88          0          0          0      22092   stm32f10x_tim.o
      1032         22          0          0          0       8332   stm32f10x_usart.o
        12          0          0          0          0        433   sys.o
       476         36          0         20          0       1683   system_stm32f10x.o
       704         12          0          0          0       2888   text.o
      4788         68       1216         12          0      16887   tjpgd.o
       620         48          0          3          0       2327   tpad.o
       256         18          0          8        200       3026   usart.o
      2792       1232        108         28          0       4002   usmart.o
         0          0       1245        540          0       1724   usmart_config.o
      1320         12          0          0          0       5001   usmart_str.o
      1908         52         64          7          0       7961   vs10xx.o

    ----------------------------------------------------------------------
     71296       3540      17773       1044     258428     497857   Object Totals
         0          0         32          0          0          0   (incl. Generated)
         8          0          8          8          5          0   (incl. Padding)

    ----------------------------------------------------------------------

      Code (inc. data)   RO Data    RW Data    ZI Data      Debug   Library Member Name

        90          0          0          0          0          0   __dczerorl2.o
         8          0          0          0          0         68   __main.o
       396          6         17          0          0         92   __printf_flags_ss_wp.o
        14          0          0          0          0         68   __printf_wp.o
        52          8          0          0          0          0   __scatter.o
        28          0          0          0          0          0   __scatter_zi.o
         6          0          0          0          0          0   _printf_c.o
        44          0          0          0          0        108   _printf_char.o
        48          6          0          0          0         96   _printf_char_common.o
        36          4          0          0          0         80   _printf_char_file.o
         6          0          0          0          0          0   _printf_d.o
       120         18          0          0          0         92   _printf_dec.o
        92          4         40          0          0         88   _printf_hex_int.o
       184          0          0          0          0         88   _printf_intcommon.o
        82          0          0          0          0        108   _printf_pad.o
         0          0          0          0          0          0   _printf_percent.o
         4          0          0          0          0          0   _printf_percent_end.o
         6          0          0          0          0          0   _printf_s.o
        82          0          0          0          0         80   _printf_str.o
         6          0          0          0          0          0   _printf_u.o
         6          0          0          0          0          0   _printf_x.o
        10          0          0          0          0         68   _sputc.o
        12          0          0          0          0         72   exit.o
         8          0          0          0          0         68   ferror.o
         6          0          0          0          0        152   heapauxi.o
         2          0          0          0          0          0   libinit.o
         2          0          0          0          0          0   libinit2.o
         2          0          0          0          0          0   libshutdown.o
         2          0          0          0          0          0   libshutdown2.o
         8          4          0          0         96         68   libspace.o
        24          4          0          0          0         84   noretval__2printf.o
        40          6          0          0          0         84   noretval__2sprintf.o
         0          0          0          0          0          0   rtentry.o
        12          0          0          0          0          0   rtentry2.o
         6          0          0          0          0          0   rtentry4.o
         2          0          0          0          0          0   rtexit.o
        10          0          0          0          0          0   rtexit2.o
        24          0          0          0          0         68   strcat.o
       128          0          0          0          0         68   strcmpv7m.o
        72          0          0          0          0         80   strcpy.o
        62          0          0          0          0         76   strlen.o
        74          0          0          0          0         80   sys_stackheap_outer.o
         2          0          0          0          0         68   use_no_semi.o
         2          0          0          0          0         68   use_no_semi_2.o
       430          8          0          0          0        168   faddsub_clz.o
        24          0          0          0          0         68   fcmpi.o
       388         76          0          0          0         96   fdiv.o
        62          4          0          0          0         84   ffixu.o
        38          0          0          0          0         68   fflt_clz.o
       104          4          0          0          0         84   fleqf.o
       258          4          0          0          0         84   fmul.o
       140          4          0          0          0         84   fnaninf.o
        10          0          0          0          0         68   fretinf.o
        98          0          0          0          0         68   frleqf.o
         0          0          0          0          0          0   usenofp.o

    ----------------------------------------------------------------------
      3390        160         57          0         96       2944   Library Totals
        18          0          0          0          0          0   (incl. Padding)

    ----------------------------------------------------------------------

      Code (inc. data)   RO Data    RW Data    ZI Data      Debug   Library Name

      1820         60         57          0         96       2072   c_w.l
      1552        100          0          0          0        872   fz_ws.l

    ----------------------------------------------------------------------
      3390        160         57          0         96       2944   Library Totals

    ----------------------------------------------------------------------

==============================================================================


      Code (inc. data)   RO Data    RW Data    ZI Data      Debug   

     74686       3700      17830       1044     258524     495601   Grand Totals
     74686       3700      17830        428     258524     495601   ELF Image Totals (compressed)
     74686       3700      17830        428          0          0   ROM Totals

==============================================================================

    Total RO  Size (Code + RO Data)                92516 (  90.35kB)
    Total RW  Size (RW Data + ZI Data)            259568 ( 253.48kB)
    Total ROM Size (Code + RO Data + RW Data)      92944 (  90.77kB)

==============================================================================

